###############################################################################
#
# IAR ELF Linker V8.32.3.193/W32 for ARM                  08/Apr/2021  13:59:48
# Copyright 2007-2019 IAR Systems AB.
#
#    Output file  =  
#        C:\Users\lithiumice\Documents\workspace\car7\Project\IAR\program\nor_sdram_zf_dtcm\Exe\RT106X.out
#    Map file     =  
#        C:\Users\lithiumice\Documents\workspace\car7\Project\IAR\program\nor_sdram_zf_dtcm\List\RT106X.map
#    Command line =  
#        -f C:\Users\LITHIU~1\AppData\Local\Temp\EWAF6D.tmp
#        (C:\Users\lithiumice\Documents\workspace\car7\Project\IAR\program\nor_sdram_zf_dtcm\Obj\agile_button.o
#        C:\Users\lithiumice\Documents\workspace\car7\Project\IAR\program\nor_sdram_zf_dtcm\Obj\board.o
#        C:\Users\lithiumice\Documents\workspace\car7\Project\IAR\program\nor_sdram_zf_dtcm\Obj\chassisThread.o
#        C:\Users\lithiumice\Documents\workspace\car7\Project\IAR\program\nor_sdram_zf_dtcm\Obj\clock.o
#        C:\Users\lithiumice\Documents\workspace\car7\Project\IAR\program\nor_sdram_zf_dtcm\Obj\clock_config.o
#        C:\Users\lithiumice\Documents\workspace\car7\Project\IAR\program\nor_sdram_zf_dtcm\Obj\cmd.o
#        C:\Users\lithiumice\Documents\workspace\car7\Project\IAR\program\nor_sdram_zf_dtcm\Obj\common.o
#        C:\Users\lithiumice\Documents\workspace\car7\Project\IAR\program\nor_sdram_zf_dtcm\Obj\components.o
#        C:\Users\lithiumice\Documents\workspace\car7\Project\IAR\program\nor_sdram_zf_dtcm\Obj\console_be.o
#        C:\Users\lithiumice\Documents\workspace\car7\Project\IAR\program\nor_sdram_zf_dtcm\Obj\context_iar.o
#        C:\Users\lithiumice\Documents\workspace\car7\Project\IAR\program\nor_sdram_zf_dtcm\Obj\controller.o
#        C:\Users\lithiumice\Documents\workspace\car7\Project\IAR\program\nor_sdram_zf_dtcm\Obj\cpu.o
#        C:\Users\lithiumice\Documents\workspace\car7\Project\IAR\program\nor_sdram_zf_dtcm\Obj\cpu_cache.o
#        C:\Users\lithiumice\Documents\workspace\car7\Project\IAR\program\nor_sdram_zf_dtcm\Obj\cpuport.o
#        C:\Users\lithiumice\Documents\workspace\car7\Project\IAR\program\nor_sdram_zf_dtcm\Obj\device.o
#        C:\Users\lithiumice\Documents\workspace\car7\Project\IAR\program\nor_sdram_zf_dtcm\Obj\diskio.o
#        C:\Users\lithiumice\Documents\workspace\car7\Project\IAR\program\nor_sdram_zf_dtcm\Obj\displayThread.o
#        C:\Users\lithiumice\Documents\workspace\car7\Project\IAR\program\nor_sdram_zf_dtcm\Obj\easyblink.o
#        C:\Users\lithiumice\Documents\workspace\car7\Project\IAR\program\nor_sdram_zf_dtcm\Obj\encoder.o
#        C:\Users\lithiumice\Documents\workspace\car7\Project\IAR\program\nor_sdram_zf_dtcm\Obj\evkmimxrt1064_flexspi_nor_config.o
#        C:\Users\lithiumice\Documents\workspace\car7\Project\IAR\program\nor_sdram_zf_dtcm\Obj\evkmimxrt1064_sdram_ini_dcd.o
#        C:\Users\lithiumice\Documents\workspace\car7\Project\IAR\program\nor_sdram_zf_dtcm\Obj\ff.o
#        C:\Users\lithiumice\Documents\workspace\car7\Project\IAR\program\nor_sdram_zf_dtcm\Obj\ffsystem.o
#        C:\Users\lithiumice\Documents\workspace\car7\Project\IAR\program\nor_sdram_zf_dtcm\Obj\ffunicode.o
#        C:\Users\lithiumice\Documents\workspace\car7\Project\IAR\program\nor_sdram_zf_dtcm\Obj\finsh_compiler.o
#        C:\Users\lithiumice\Documents\workspace\car7\Project\IAR\program\nor_sdram_zf_dtcm\Obj\finsh_error.o
#        C:\Users\lithiumice\Documents\workspace\car7\Project\IAR\program\nor_sdram_zf_dtcm\Obj\finsh_heap.o
#        C:\Users\lithiumice\Documents\workspace\car7\Project\IAR\program\nor_sdram_zf_dtcm\Obj\finsh_init.o
#        C:\Users\lithiumice\Documents\workspace\car7\Project\IAR\program\nor_sdram_zf_dtcm\Obj\finsh_node.o
#        C:\Users\lithiumice\Documents\workspace\car7\Project\IAR\program\nor_sdram_zf_dtcm\Obj\finsh_ops.o
#        C:\Users\lithiumice\Documents\workspace\car7\Project\IAR\program\nor_sdram_zf_dtcm\Obj\finsh_parser.o
#        C:\Users\lithiumice\Documents\workspace\car7\Project\IAR\program\nor_sdram_zf_dtcm\Obj\finsh_token.o
#        C:\Users\lithiumice\Documents\workspace\car7\Project\IAR\program\nor_sdram_zf_dtcm\Obj\finsh_var.o
#        C:\Users\lithiumice\Documents\workspace\car7\Project\IAR\program\nor_sdram_zf_dtcm\Obj\finsh_vm.o
#        C:\Users\lithiumice\Documents\workspace\car7\Project\IAR\program\nor_sdram_zf_dtcm\Obj\fsl_adc.o
#        C:\Users\lithiumice\Documents\workspace\car7\Project\IAR\program\nor_sdram_zf_dtcm\Obj\fsl_adc_etc.o
#        C:\Users\lithiumice\Documents\workspace\car7\Project\IAR\program\nor_sdram_zf_dtcm\Obj\fsl_aipstz.o
#        C:\Users\lithiumice\Documents\workspace\car7\Project\IAR\program\nor_sdram_zf_dtcm\Obj\fsl_aoi.o
#        C:\Users\lithiumice\Documents\workspace\car7\Project\IAR\program\nor_sdram_zf_dtcm\Obj\fsl_assert.o
#        C:\Users\lithiumice\Documents\workspace\car7\Project\IAR\program\nor_sdram_zf_dtcm\Obj\fsl_bee.o
#        C:\Users\lithiumice\Documents\workspace\car7\Project\IAR\program\nor_sdram_zf_dtcm\Obj\fsl_cache.o
#        C:\Users\lithiumice\Documents\workspace\car7\Project\IAR\program\nor_sdram_zf_dtcm\Obj\fsl_clock.o
#        C:\Users\lithiumice\Documents\workspace\car7\Project\IAR\program\nor_sdram_zf_dtcm\Obj\fsl_cmp.o
#        C:\Users\lithiumice\Documents\workspace\car7\Project\IAR\program\nor_sdram_zf_dtcm\Obj\fsl_common.o
#        C:\Users\lithiumice\Documents\workspace\car7\Project\IAR\program\nor_sdram_zf_dtcm\Obj\fsl_csi.o
#        C:\Users\lithiumice\Documents\workspace\car7\Project\IAR\program\nor_sdram_zf_dtcm\Obj\fsl_dcdc.o
#        C:\Users\lithiumice\Documents\workspace\car7\Project\IAR\program\nor_sdram_zf_dtcm\Obj\fsl_dcp.o
#        C:\Users\lithiumice\Documents\workspace\car7\Project\IAR\program\nor_sdram_zf_dtcm\Obj\fsl_debug_console.o
#        C:\Users\lithiumice\Documents\workspace\car7\Project\IAR\program\nor_sdram_zf_dtcm\Obj\fsl_dmamux.o
#        C:\Users\lithiumice\Documents\workspace\car7\Project\IAR\program\nor_sdram_zf_dtcm\Obj\fsl_edma.o
#        C:\Users\lithiumice\Documents\workspace\car7\Project\IAR\program\nor_sdram_zf_dtcm\Obj\fsl_elcdif.o
#        C:\Users\lithiumice\Documents\workspace\car7\Project\IAR\program\nor_sdram_zf_dtcm\Obj\fsl_enc.o
#        C:\Users\lithiumice\Documents\workspace\car7\Project\IAR\program\nor_sdram_zf_dtcm\Obj\fsl_enet.o
#        C:\Users\lithiumice\Documents\workspace\car7\Project\IAR\program\nor_sdram_zf_dtcm\Obj\fsl_ewm.o
#        C:\Users\lithiumice\Documents\workspace\car7\Project\IAR\program\nor_sdram_zf_dtcm\Obj\fsl_flexcan.o
#        C:\Users\lithiumice\Documents\workspace\car7\Project\IAR\program\nor_sdram_zf_dtcm\Obj\fsl_flexio.o
#        C:\Users\lithiumice\Documents\workspace\car7\Project\IAR\program\nor_sdram_zf_dtcm\Obj\fsl_flexio_camera.o
#        C:\Users\lithiumice\Documents\workspace\car7\Project\IAR\program\nor_sdram_zf_dtcm\Obj\fsl_flexio_i2c_master.o
#        C:\Users\lithiumice\Documents\workspace\car7\Project\IAR\program\nor_sdram_zf_dtcm\Obj\fsl_flexio_i2s.o
#        C:\Users\lithiumice\Documents\workspace\car7\Project\IAR\program\nor_sdram_zf_dtcm\Obj\fsl_flexio_i2s_edma.o
#        C:\Users\lithiumice\Documents\workspace\car7\Project\IAR\program\nor_sdram_zf_dtcm\Obj\fsl_flexio_spi.o
#        C:\Users\lithiumice\Documents\workspace\car7\Project\IAR\program\nor_sdram_zf_dtcm\Obj\fsl_flexio_spi_edma.o
#        C:\Users\lithiumice\Documents\workspace\car7\Project\IAR\program\nor_sdram_zf_dtcm\Obj\fsl_flexio_uart.o
#        C:\Users\lithiumice\Documents\workspace\car7\Project\IAR\program\nor_sdram_zf_dtcm\Obj\fsl_flexio_uart_edma.o
#        C:\Users\lithiumice\Documents\workspace\car7\Project\IAR\program\nor_sdram_zf_dtcm\Obj\fsl_flexram.o
#        C:\Users\lithiumice\Documents\workspace\car7\Project\IAR\program\nor_sdram_zf_dtcm\Obj\fsl_flexspi.o
#        C:\Users\lithiumice\Documents\workspace\car7\Project\IAR\program\nor_sdram_zf_dtcm\Obj\fsl_flexspi_nor_boot.o
#        C:\Users\lithiumice\Documents\workspace\car7\Project\IAR\program\nor_sdram_zf_dtcm\Obj\fsl_gpc.o
#        C:\Users\lithiumice\Documents\workspace\car7\Project\IAR\program\nor_sdram_zf_dtcm\Obj\fsl_gpio.o
#        C:\Users\lithiumice\Documents\workspace\car7\Project\IAR\program\nor_sdram_zf_dtcm\Obj\fsl_gpt.o
#        C:\Users\lithiumice\Documents\workspace\car7\Project\IAR\program\nor_sdram_zf_dtcm\Obj\fsl_kpp.o
#        C:\Users\lithiumice\Documents\workspace\car7\Project\IAR\program\nor_sdram_zf_dtcm\Obj\fsl_lpi2c.o
#        C:\Users\lithiumice\Documents\workspace\car7\Project\IAR\program\nor_sdram_zf_dtcm\Obj\fsl_lpi2c_edma.o
#        C:\Users\lithiumice\Documents\workspace\car7\Project\IAR\program\nor_sdram_zf_dtcm\Obj\fsl_lpspi.o
#        C:\Users\lithiumice\Documents\workspace\car7\Project\IAR\program\nor_sdram_zf_dtcm\Obj\fsl_lpspi_edma.o
#        C:\Users\lithiumice\Documents\workspace\car7\Project\IAR\program\nor_sdram_zf_dtcm\Obj\fsl_lpuart.o
#        C:\Users\lithiumice\Documents\workspace\car7\Project\IAR\program\nor_sdram_zf_dtcm\Obj\fsl_lpuart_edma.o
#        C:\Users\lithiumice\Documents\workspace\car7\Project\IAR\program\nor_sdram_zf_dtcm\Obj\fsl_mmc.o
#        C:\Users\lithiumice\Documents\workspace\car7\Project\IAR\program\nor_sdram_zf_dtcm\Obj\fsl_notifier.o
#        C:\Users\lithiumice\Documents\workspace\car7\Project\IAR\program\nor_sdram_zf_dtcm\Obj\fsl_ocotp.o
#        C:\Users\lithiumice\Documents\workspace\car7\Project\IAR\program\nor_sdram_zf_dtcm\Obj\fsl_os_abstraction_bm.o
#        C:\Users\lithiumice\Documents\workspace\car7\Project\IAR\program\nor_sdram_zf_dtcm\Obj\fsl_pit.o
#        C:\Users\lithiumice\Documents\workspace\car7\Project\IAR\program\nor_sdram_zf_dtcm\Obj\fsl_pmu.o
#        C:\Users\lithiumice\Documents\workspace\car7\Project\IAR\program\nor_sdram_zf_dtcm\Obj\fsl_pwm.o
#        C:\Users\lithiumice\Documents\workspace\car7\Project\IAR\program\nor_sdram_zf_dtcm\Obj\fsl_pxp.o
#        C:\Users\lithiumice\Documents\workspace\car7\Project\IAR\program\nor_sdram_zf_dtcm\Obj\fsl_qtmr.o
#        C:\Users\lithiumice\Documents\workspace\car7\Project\IAR\program\nor_sdram_zf_dtcm\Obj\fsl_rtwdog.o
#        C:\Users\lithiumice\Documents\workspace\car7\Project\IAR\program\nor_sdram_zf_dtcm\Obj\fsl_sai.o
#        C:\Users\lithiumice\Documents\workspace\car7\Project\IAR\program\nor_sdram_zf_dtcm\Obj\fsl_sai_edma.o
#        C:\Users\lithiumice\Documents\workspace\car7\Project\IAR\program\nor_sdram_zf_dtcm\Obj\fsl_sbrk.o
#        C:\Users\lithiumice\Documents\workspace\car7\Project\IAR\program\nor_sdram_zf_dtcm\Obj\fsl_sd.o
#        C:\Users\lithiumice\Documents\workspace\car7\Project\IAR\program\nor_sdram_zf_dtcm\Obj\fsl_sd_disk.o
#        C:\Users\lithiumice\Documents\workspace\car7\Project\IAR\program\nor_sdram_zf_dtcm\Obj\fsl_sdio.o
#        C:\Users\lithiumice\Documents\workspace\car7\Project\IAR\program\nor_sdram_zf_dtcm\Obj\fsl_sdmmc_common.o
#        C:\Users\lithiumice\Documents\workspace\car7\Project\IAR\program\nor_sdram_zf_dtcm\Obj\fsl_sdmmc_event.o
#        C:\Users\lithiumice\Documents\workspace\car7\Project\IAR\program\nor_sdram_zf_dtcm\Obj\fsl_sdmmc_host.o
#        C:\Users\lithiumice\Documents\workspace\car7\Project\IAR\program\nor_sdram_zf_dtcm\Obj\fsl_semc.o
#        C:\Users\lithiumice\Documents\workspace\car7\Project\IAR\program\nor_sdram_zf_dtcm\Obj\fsl_shell.o
#        C:\Users\lithiumice\Documents\workspace\car7\Project\IAR\program\nor_sdram_zf_dtcm\Obj\fsl_snvs_hp.o
#        C:\Users\lithiumice\Documents\workspace\car7\Project\IAR\program\nor_sdram_zf_dtcm\Obj\fsl_snvs_lp.o
#        C:\Users\lithiumice\Documents\workspace\car7\Project\IAR\program\nor_sdram_zf_dtcm\Obj\fsl_spdif.o
#        C:\Users\lithiumice\Documents\workspace\car7\Project\IAR\program\nor_sdram_zf_dtcm\Obj\fsl_spdif_edma.o
#        C:\Users\lithiumice\Documents\workspace\car7\Project\IAR\program\nor_sdram_zf_dtcm\Obj\fsl_src.o
#        C:\Users\lithiumice\Documents\workspace\car7\Project\IAR\program\nor_sdram_zf_dtcm\Obj\fsl_str.o
#        C:\Users\lithiumice\Documents\workspace\car7\Project\IAR\program\nor_sdram_zf_dtcm\Obj\fsl_tempmon.o
#        C:\Users\lithiumice\Documents\workspace\car7\Project\IAR\program\nor_sdram_zf_dtcm\Obj\fsl_trng.o
#        C:\Users\lithiumice\Documents\workspace\car7\Project\IAR\program\nor_sdram_zf_dtcm\Obj\fsl_tsc.o
#        C:\Users\lithiumice\Documents\workspace\car7\Project\IAR\program\nor_sdram_zf_dtcm\Obj\fsl_usdhc.o
#        C:\Users\lithiumice\Documents\workspace\car7\Project\IAR\program\nor_sdram_zf_dtcm\Obj\fsl_wdog.o
#        C:\Users\lithiumice\Documents\workspace\car7\Project\IAR\program\nor_sdram_zf_dtcm\Obj\fsl_xbara.o
#        C:\Users\lithiumice\Documents\workspace\car7\Project\IAR\program\nor_sdram_zf_dtcm\Obj\fsl_xbarb.o
#        C:\Users\lithiumice\Documents\workspace\car7\Project\IAR\program\nor_sdram_zf_dtcm\Obj\generic_list.o
#        C:\Users\lithiumice\Documents\workspace\car7\Project\IAR\program\nor_sdram_zf_dtcm\Obj\idle.o
#        C:\Users\lithiumice\Documents\workspace\car7\Project\IAR\program\nor_sdram_zf_dtcm\Obj\imageProcess.o
#        C:\Users\lithiumice\Documents\workspace\car7\Project\IAR\program\nor_sdram_zf_dtcm\Obj\inc_pid_controller.o
#        C:\Users\lithiumice\Documents\workspace\car7\Project\IAR\program\nor_sdram_zf_dtcm\Obj\interrupt.o
#        C:\Users\lithiumice\Documents\workspace\car7\Project\IAR\program\nor_sdram_zf_dtcm\Obj\ipc.o
#        C:\Users\lithiumice\Documents\workspace\car7\Project\IAR\program\nor_sdram_zf_dtcm\Obj\irq.o
#        C:\Users\lithiumice\Documents\workspace\car7\Project\IAR\program\nor_sdram_zf_dtcm\Obj\kservice.o
#        C:\Users\lithiumice\Documents\workspace\car7\Project\IAR\program\nor_sdram_zf_dtcm\Obj\lpuart_adapter.o
#        C:\Users\lithiumice\Documents\workspace\car7\Project\IAR\program\nor_sdram_zf_dtcm\Obj\main.o
#        C:\Users\lithiumice\Documents\workspace\car7\Project\IAR\program\nor_sdram_zf_dtcm\Obj\mem.o
#        C:\Users\lithiumice\Documents\workspace\car7\Project\IAR\program\nor_sdram_zf_dtcm\Obj\memheap.o
#        C:\Users\lithiumice\Documents\workspace\car7\Project\IAR\program\nor_sdram_zf_dtcm\Obj\mempool.o
#        C:\Users\lithiumice\Documents\workspace\car7\Project\IAR\program\nor_sdram_zf_dtcm\Obj\motor.o
#        C:\Users\lithiumice\Documents\workspace\car7\Project\IAR\program\nor_sdram_zf_dtcm\Obj\msh.o
#        C:\Users\lithiumice\Documents\workspace\car7\Project\IAR\program\nor_sdram_zf_dtcm\Obj\msh_file.o
#        C:\Users\lithiumice\Documents\workspace\car7\Project\IAR\program\nor_sdram_zf_dtcm\Obj\object.o
#        C:\Users\lithiumice\Documents\workspace\car7\Project\IAR\program\nor_sdram_zf_dtcm\Obj\pin_mux.o
#        C:\Users\lithiumice\Documents\workspace\car7\Project\IAR\program\nor_sdram_zf_dtcm\Obj\pos_pid_controller.o
#        C:\Users\lithiumice\Documents\workspace\car7\Project\IAR\program\nor_sdram_zf_dtcm\Obj\scheduler.o
#        C:\Users\lithiumice\Documents\workspace\car7\Project\IAR\program\nor_sdram_zf_dtcm\Obj\SEEKFREE_18TFT.o
#        C:\Users\lithiumice\Documents\workspace\car7\Project\IAR\program\nor_sdram_zf_dtcm\Obj\SEEKFREE_FONT.o
#        C:\Users\lithiumice\Documents\workspace\car7\Project\IAR\program\nor_sdram_zf_dtcm\Obj\SEEKFREE_ICM20602.o
#        C:\Users\lithiumice\Documents\workspace\car7\Project\IAR\program\nor_sdram_zf_dtcm\Obj\SEEKFREE_IIC.o
#        C:\Users\lithiumice\Documents\workspace\car7\Project\IAR\program\nor_sdram_zf_dtcm\Obj\SEEKFREE_IPS114_SPI.o
#        C:\Users\lithiumice\Documents\workspace\car7\Project\IAR\program\nor_sdram_zf_dtcm\Obj\SEEKFREE_MMA8451.o
#        C:\Users\lithiumice\Documents\workspace\car7\Project\IAR\program\nor_sdram_zf_dtcm\Obj\SEEKFREE_MPU6050.o
#        C:\Users\lithiumice\Documents\workspace\car7\Project\IAR\program\nor_sdram_zf_dtcm\Obj\SEEKFREE_MT9V03X.o
#        C:\Users\lithiumice\Documents\workspace\car7\Project\IAR\program\nor_sdram_zf_dtcm\Obj\SEEKFREE_MT9V03X_CSI.o
#        C:\Users\lithiumice\Documents\workspace\car7\Project\IAR\program\nor_sdram_zf_dtcm\Obj\SEEKFREE_NRF24L01.o
#        C:\Users\lithiumice\Documents\workspace\car7\Project\IAR\program\nor_sdram_zf_dtcm\Obj\SEEKFREE_PRINTF.o
#        C:\Users\lithiumice\Documents\workspace\car7\Project\IAR\program\nor_sdram_zf_dtcm\Obj\SEEKFREE_VIRSCO.o
#        C:\Users\lithiumice\Documents\workspace\car7\Project\IAR\program\nor_sdram_zf_dtcm\Obj\serial_manager.o
#        C:\Users\lithiumice\Documents\workspace\car7\Project\IAR\program\nor_sdram_zf_dtcm\Obj\serial_port_uart.o
#        C:\Users\lithiumice\Documents\workspace\car7\Project\IAR\program\nor_sdram_zf_dtcm\Obj\servo.o
#        C:\Users\lithiumice\Documents\workspace\car7\Project\IAR\program\nor_sdram_zf_dtcm\Obj\shell.o
#        C:\Users\lithiumice\Documents\workspace\car7\Project\IAR\program\nor_sdram_zf_dtcm\Obj\signal.o
#        C:\Users\lithiumice\Documents\workspace\car7\Project\IAR\program\nor_sdram_zf_dtcm\Obj\slab.o
#        C:\Users\lithiumice\Documents\workspace\car7\Project\IAR\program\nor_sdram_zf_dtcm\Obj\startup_MIMXRT1064.o
#        C:\Users\lithiumice\Documents\workspace\car7\Project\IAR\program\nor_sdram_zf_dtcm\Obj\symbol.o
#        C:\Users\lithiumice\Documents\workspace\car7\Project\IAR\program\nor_sdram_zf_dtcm\Obj\syslog.o
#        C:\Users\lithiumice\Documents\workspace\car7\Project\IAR\program\nor_sdram_zf_dtcm\Obj\system_MIMXRT1064.o
#        C:\Users\lithiumice\Documents\workspace\car7\Project\IAR\program\nor_sdram_zf_dtcm\Obj\test.o
#        C:\Users\lithiumice\Documents\workspace\car7\Project\IAR\program\nor_sdram_zf_dtcm\Obj\thread.o
#        C:\Users\lithiumice\Documents\workspace\car7\Project\IAR\program\nor_sdram_zf_dtcm\Obj\timer.o
#        C:\Users\lithiumice\Documents\workspace\car7\Project\IAR\program\nor_sdram_zf_dtcm\Obj\ulog.o
#        C:\Users\lithiumice\Documents\workspace\car7\Project\IAR\program\nor_sdram_zf_dtcm\Obj\usb_device_cdc_acm.o
#        C:\Users\lithiumice\Documents\workspace\car7\Project\IAR\program\nor_sdram_zf_dtcm\Obj\usb_device_ch9.o
#        C:\Users\lithiumice\Documents\workspace\car7\Project\IAR\program\nor_sdram_zf_dtcm\Obj\usb_device_class.o
#        C:\Users\lithiumice\Documents\workspace\car7\Project\IAR\program\nor_sdram_zf_dtcm\Obj\usb_device_dci.o
#        C:\Users\lithiumice\Documents\workspace\car7\Project\IAR\program\nor_sdram_zf_dtcm\Obj\usb_device_descriptor.o
#        C:\Users\lithiumice\Documents\workspace\car7\Project\IAR\program\nor_sdram_zf_dtcm\Obj\usb_device_ehci.o
#        C:\Users\lithiumice\Documents\workspace\car7\Project\IAR\program\nor_sdram_zf_dtcm\Obj\usb_phy.o
#        C:\Users\lithiumice\Documents\workspace\car7\Project\IAR\program\nor_sdram_zf_dtcm\Obj\util.o
#        C:\Users\lithiumice\Documents\workspace\car7\Project\IAR\program\nor_sdram_zf_dtcm\Obj\wheel.o
#        C:\Users\lithiumice\Documents\workspace\car7\Project\IAR\program\nor_sdram_zf_dtcm\Obj\zf_adc.o
#        C:\Users\lithiumice\Documents\workspace\car7\Project\IAR\program\nor_sdram_zf_dtcm\Obj\zf_camera.o
#        C:\Users\lithiumice\Documents\workspace\car7\Project\IAR\program\nor_sdram_zf_dtcm\Obj\zf_csi.o
#        C:\Users\lithiumice\Documents\workspace\car7\Project\IAR\program\nor_sdram_zf_dtcm\Obj\zf_flash.o
#        C:\Users\lithiumice\Documents\workspace\car7\Project\IAR\program\nor_sdram_zf_dtcm\Obj\zf_gpio.o
#        C:\Users\lithiumice\Documents\workspace\car7\Project\IAR\program\nor_sdram_zf_dtcm\Obj\zf_iic.o
#        C:\Users\lithiumice\Documents\workspace\car7\Project\IAR\program\nor_sdram_zf_dtcm\Obj\zf_iomuxc.o
#        C:\Users\lithiumice\Documents\workspace\car7\Project\IAR\program\nor_sdram_zf_dtcm\Obj\zf_pit.o
#        C:\Users\lithiumice\Documents\workspace\car7\Project\IAR\program\nor_sdram_zf_dtcm\Obj\zf_pwm.o
#        C:\Users\lithiumice\Documents\workspace\car7\Project\IAR\program\nor_sdram_zf_dtcm\Obj\zf_qtimer.o
#        C:\Users\lithiumice\Documents\workspace\car7\Project\IAR\program\nor_sdram_zf_dtcm\Obj\zf_rom_api.o
#        C:\Users\lithiumice\Documents\workspace\car7\Project\IAR\program\nor_sdram_zf_dtcm\Obj\zf_sdcard.o
#        C:\Users\lithiumice\Documents\workspace\car7\Project\IAR\program\nor_sdram_zf_dtcm\Obj\zf_spi.o
#        C:\Users\lithiumice\Documents\workspace\car7\Project\IAR\program\nor_sdram_zf_dtcm\Obj\zf_systick.o
#        C:\Users\lithiumice\Documents\workspace\car7\Project\IAR\program\nor_sdram_zf_dtcm\Obj\zf_uart.o
#        C:\Users\lithiumice\Documents\workspace\car7\Project\IAR\program\nor_sdram_zf_dtcm\Obj\zf_usb_cdc.o
#        C:\Users\lithiumice\Documents\workspace\car7\Project\IAR\program\nor_sdram_zf_dtcm\Obj\zf_vector.o
#        --no_out_extension -o
#        C:\Users\lithiumice\Documents\workspace\car7\Project\IAR\program\nor_sdram_zf_dtcm\Exe\RT106X.out
#        --map
#        C:\Users\lithiumice\Documents\workspace\car7\Project\IAR\program\nor_sdram_zf_dtcm\List\RT106X.map
#        --log
#        libraries,initialization,modules,redirects,sections,veneers,unused_fragments
#        --log_file
#        C:\Users\lithiumice\Documents\workspace\car7\Project\IAR\program\nor_sdram_zf_dtcm\List\RT106X.log
#        --config
#        C:\Users\lithiumice\Documents\workspace\car7\Project\IAR\program\..\..\IAR\icf\MIMXRT1064xxxxx_flexspi_nor.icf
#        --semihosting --no_entry --vfe --text_out locale)
#
###############################################################################

*******************************************************************************
*** RUNTIME MODEL ATTRIBUTES
***

CppFlavor       = *
__Heap_Handler  = DLMalloc
__SystemLibrary = DLib
__dlib_version  = 6


*******************************************************************************
*** HEAP SELECTION
***

The advanced heap was selected because the application calls memory
allocation functions outside of system library functions, and there
are calls to deallocation functions in the application.


*******************************************************************************
*** PLACEMENT SUMMARY
***

"A0":  place at 0x7000'2000 { ro section .intvec };
"A2":  place at 0x7000'0000 { section .boot_hdr.conf };
"A3":  place at 0x7000'1000 { section .boot_hdr.ivt };
"A4":  place at 0x7000'1020 { ro section .boot_hdr.boot_data };
"A5":  place at 0x7000'1030 { ro section .boot_hdr.dcd_data };
"P1":  place in [from 0x7000'2000 to 0x7000'23ff] |
                [from 0x7000'2400 to 0x703f'ffff] { ro };
define block RW { first rw, section m_usb_dma_init_data };
"P2":  place in [from 0x8000'0000 to 0x8000'03ff] |
                [from 0x8000'0400 to 0x81df'ffff] { block RW };
define block SDRAM_VAR
   with alignment = 8 { section SDRAM_CACHE, section SDRAM_CACHE.init };
"P11": place in [from 0x8000'0000 to 0x8000'03ff] |
                [from 0x8000'0400 to 0x81df'ffff] { block SDRAM_VAR };
define block ZI
   with alignment = 32 { first zi, section m_usb_dma_noninit_data };
"P3":  place in [from 0x2000'0000 to 0x2006'efff] { block ZI };
"P4":  place in [from 0x2000'0000 to 0x2006'efff] { section .data };
"P5":  place in [from 0x2000'0000 to 0x2006'efff] { section .textrw };
define block DTCM_VAR
   with alignment = 8 { section NonCacheable, section NonCacheable.init };
"P9":  place in [from 0x2000'0000 to 0x2006'efff] { block DTCM_VAR };
define block HEAP with size = 1K, alignment = 8 { };
"P6":  place in [from 0x2000'0000 to 0x2006'efff] { last block HEAP };
define block CSTACK with size = 4K, alignment = 8 { };
"P7":  place in [from 0x2006'f000 to 0x2006'ffff] { block CSTACK };
initialize by copy { rw, section .textrw };
initialize by copy { ro }
   except {
      ro section .intvec, ro object system_MIMXRT1064.o,
      ro object startup_MIMXRT1064.o, section .low_level_init,
      section .boot_hdr.conf, section .boot_hdr.ivt,
      section .boot_hdr.boot_data, section .boot_hdr.dcd_data,
      ro object cmain.o, ro object low_level_init.o, ro object cstartup_M.o,
      ro object data_init.o, ro object fpinit_M.o };
keep {
   section .boot_hdr.conf, section .boot_hdr.ivt, section .boot_hdr.boot_data,
   section .boot_hdr.dcd_data };

No sections matched the following patterns:

  section .intvec_RAM              in "A1"
  section .textrw                  in "P3-P5|P9"
  section ITCM_NonCacheable        in block ITCM_VAR
  section ITCM_NonCacheable.init   in block ITCM_VAR
  section NonCacheable.init        in block DTCM_VAR
  section OCRAM_CACHE              in block OCRAM_VAR
  section OCRAM_CACHE.init         in block OCRAM_VAR
  section SDRAM_CACHE              in block SDRAM_VAR
  section SDRAM_CACHE.init         in block SDRAM_VAR
  section SDRAM_NonCacheable       in block SDRAM_NCACHE_VAR
  section SDRAM_NonCacheable.init  in block SDRAM_NCACHE_VAR
  section m_usb_dma_init_data      in block RW
  section m_usb_dma_noninit_data   in block ZI


  Section              Kind         Address     Size  Object
  -------              ----         -------     ----  ------
"P3-P5|P9", part 1 of 2:                       0x380
  P3-P5|P9 s0                   0x2000'0000    0x380  <Init block>
    .data              inited   0x2000'0000    0x1e0  main.o [1]
    .data              inited   0x2000'01e0     0x90  object.o [1]
    .data              inited   0x2000'0270     0x28  zf_gpio.o [1]
    .data              inited   0x2000'0298     0x24  SEEKFREE_MT9V03X_CSI.o [1]
    .data              inited   0x2000'02bc     0x24  zf_uart.o [1]
    .data              inited   0x2000'02e0     0x20  SEEKFREE_MT9V03X_CSI.o [1]
    .data              inited   0x2000'0300     0x14  zf_pwm.o [1]
    .data              inited   0x2000'0314     0x14  zf_qtimer.o [1]
    .data              inited   0x2000'0328     0x14  zf_spi.o [1]
    .data              inited   0x2000'033c      0x4  chassisThread.o [1]
    .data              inited   0x2000'0340      0x4  chassisThread.o [1]
    .data              inited   0x2000'0344      0x4  chassisThread.o [1]
    .data              inited   0x2000'0348      0x4  chassisThread.o [1]
    .data              inited   0x2000'034c      0x4  main.o [1]
    .data              inited   0x2000'0350      0x4  main.o [1]
    .data              inited   0x2000'0354      0x4  main.o [1]
    .data              inited   0x2000'0358      0x4  main.o [1]
    .data              inited   0x2000'035c      0x4  main.o [1]
    .data              inited   0x2000'0360      0x4  main.o [1]
    .data              inited   0x2000'0364      0x4  main.o [1]
    .data              inited   0x2000'0368      0x4  main.o [1]
    .data              inited   0x2000'036c      0x4  main.o [1]
    .data              inited   0x2000'0370      0x4  main.o [1]
    .data              inited   0x2000'0374      0x4  SEEKFREE_18TFT.o [1]
    .data              inited   0x2000'0378      0x4  SEEKFREE_18TFT.o [1]
    .data              inited   0x2000'037c      0x4  system_MIMXRT1064.o [1]
                              - 0x2000'0380    0x380

"P3-P5|P9", part 2 of 2:                     0x15380
  ZI                            0x2000'0380   0xbd5c  <Block>
    .bss               zero     0x2000'0380      0x4  agile_button.o [1]
    .bss               zero     0x2000'0384      0x4  agile_button.o [1]
    .bss               zero     0x2000'0388      0x1  agile_button.o [1]
    .bss               zero     0x2000'038c      0x4  board.o [1]
    .bss               zero     0x2000'0390      0x1  board.o [1]
    .bss               zero     0x2000'0394      0x8  board.o [1]
    .bss               zero     0x2000'039c     0x30  board.o [1]
    .bss               zero     0x2000'03cc      0x4  chassisThread.o [1]
    .bss               zero     0x2000'03d0      0x4  chassisThread.o [1]
    .bss               zero     0x2000'03d4      0x4  chassisThread.o [1]
    .bss               zero     0x2000'03d8      0x4  chassisThread.o [1]
    .bss               zero     0x2000'03dc      0x4  clock.o [1]
    .bss               zero     0x2000'03e0      0x1  common.o [1]
    .bss               zero     0x2000'03e4      0x4  common.o [1]
    .bss               zero     0x2000'03e8     0x20  console_be.o [1]
    .bss               zero     0x2000'0408      0x4  cpuport.o [1]
    .bss               zero     0x2000'040c      0x4  cpuport.o [1]
    .bss               zero     0x2000'0410      0x4  cpuport.o [1]
    .bss               zero     0x2000'0414      0x4  cpuport.o [1]
    .bss               zero     0x2000'0418    0x100  easyblink.o [1]
    .bss               zero     0x2000'0518     0x80  easyblink.o [1]
    .bss               zero     0x2000'0598     0x20  easyblink.o [1]
    .bss               zero     0x2000'05b8     0x24  easyblink.o [1]
    .bss               zero     0x2000'05dc     0x48  easyblink.o [1]
    .bss               zero     0x2000'0624      0x4  easyblink.o [1]
    .bss               zero     0x2000'0628      0x4  easyblink.o [1]
    .bss               zero     0x2000'062c      0x4  easyblink.o [1]
    .bss               zero     0x2000'0630      0x4  fsl_clock.o [1]
    .bss               zero     0x2000'0634      0x4  fsl_clock.o [1]
    .bss               zero     0x2000'0638      0x4  fsl_csi.o [1]
    .bss               zero     0x2000'063c      0x4  fsl_csi.o [1]
    .bss               zero     0x2000'0640     0x1c  fsl_debug_console.o [1]
    .bss               zero     0x2000'065c      0x4  fsl_debug_console.o [1]
    .bss               zero     0x2000'0660     0x80  fsl_edma.o [1]
    .bss               zero     0x2000'06e0      0xc  fsl_enet.o [1]
    .bss               zero     0x2000'06ec      0x4  fsl_enet.o [1]
    .bss               zero     0x2000'06f0      0x4  fsl_enet.o [1]
    .bss               zero     0x2000'06f4      0x4  fsl_enet.o [1]
    .bss               zero     0x2000'06f8      0x4  fsl_enet.o [1]
    .bss               zero     0x2000'06fc     0x10  fsl_flexcan.o [1]
    .bss               zero     0x2000'070c      0x4  fsl_flexcan.o [1]
    .bss               zero     0x2000'0710      0x8  fsl_flexio.o [1]
    .bss               zero     0x2000'0718      0x8  fsl_flexio.o [1]
    .bss               zero     0x2000'0720      0x8  fsl_flexio.o [1]
    .bss               zero     0x2000'0728      0x4  fsl_lpi2c.o [1]
    .bss               zero     0x2000'072c     0x14  fsl_lpi2c.o [1]
    .bss               zero     0x2000'0740      0x4  fsl_lpi2c.o [1]
    .bss               zero     0x2000'0744     0x14  fsl_lpi2c.o [1]
    .bss               zero     0x2000'0758     0x14  fsl_lpspi.o [1]
    .bss               zero     0x2000'076c      0x4  fsl_lpspi.o [1]
    .bss               zero     0x2000'0770      0x4  fsl_lpspi.o [1]
    .bss               zero     0x2000'0774      0x8  fsl_lpspi.o [1]
    .bss               zero     0x2000'077c     0x24  fsl_lpuart.o [1]
    .bss               zero     0x2000'07a0      0x4  fsl_lpuart.o [1]
    .bss               zero     0x2000'07a4     0x20  fsl_sai.o [1]
    .bss               zero     0x2000'07c4      0x4  fsl_sai.o [1]
    .bss               zero     0x2000'07c8      0x4  fsl_sai.o [1]
    .bss               zero     0x2000'07cc      0x4  fsl_sdmmc_event.o [1]
    .bss               zero     0x2000'07d0      0x4  fsl_sdmmc_event.o [1]
    .bss               zero     0x2000'07d4      0x4  fsl_sdmmc_event.o [1]
    .bss               zero     0x2000'07d8     0x28  fsl_sdmmc_host.o [1]
    .bss               zero     0x2000'0800      0x1  fsl_sdmmc_host.o [1]
    .bss               zero     0x2000'0804      0x8  fsl_spdif.o [1]
    .bss               zero     0x2000'080c      0x4  fsl_spdif.o [1]
    .bss               zero     0x2000'0810      0x4  fsl_spdif.o [1]
    .bss               zero     0x2000'0814      0xc  fsl_usdhc.o [1]
    .bss               zero     0x2000'0820      0x4  fsl_usdhc.o [1]
    .bss               zero     0x2000'0824     0x80  idle.o [1]
    .bss               zero     0x2000'08a4    0x100  idle.o [1]
    .bss               zero     0x2000'09a4     0x10  idle.o [1]
    .bss               zero     0x2000'09b4      0x1  imageProcess.o [1]
    .bss               zero     0x2000'09b8    0x100  imageProcess.o [1]
    .bss               zero     0x2000'0ab8   0x4b00  imageProcess.o [1]
    .bss               zero     0x2000'55b8   0x4b00  imageProcess.o [1]
    .bss               zero     0x2000'a0b8    0x960  imageProcess.o [1]
    .bss               zero     0x2000'aa18    0x1e0  imageProcess.o [1]
    .bss               zero     0x2000'abf8    0x1e0  imageProcess.o [1]
    .bss               zero     0x2000'add8    0x1e0  imageProcess.o [1]
    .bss               zero     0x2000'afb8    0x1e0  imageProcess.o [1]
    .bss               zero     0x2000'b198    0x1e0  imageProcess.o [1]
    .bss               zero     0x2000'b378    0x1e0  imageProcess.o [1]
    .bss               zero     0x2000'b558    0x1e0  imageProcess.o [1]
    .bss               zero     0x2000'b738    0x1e0  imageProcess.o [1]
    .bss               zero     0x2000'b918    0x1e0  imageProcess.o [1]
    .bss               zero     0x2000'baf8      0x4  imageProcess.o [1]
    .bss               zero     0x2000'bafc      0x4  imageProcess.o [1]
    .bss               zero     0x2000'bb00      0x4  imageProcess.o [1]
    .bss               zero     0x2000'bb04      0x4  imageProcess.o [1]
    .bss               zero     0x2000'bb08      0x4  imageProcess.o [1]
    .bss               zero     0x2000'bb0c      0x4  imageProcess.o [1]
    .bss               zero     0x2000'bb10      0x1  imageProcess.o [1]
    .bss               zero     0x2000'bb14      0x4  imageProcess.o [1]
    .bss               zero     0x2000'bb18      0x4  imageProcess.o [1]
    .bss               zero     0x2000'bb1c      0x4  imageProcess.o [1]
    .bss               zero     0x2000'bb20      0x4  imageProcess.o [1]
    .bss               zero     0x2000'bb24      0x4  imageProcess.o [1]
    .bss               zero     0x2000'bb28      0x4  imageProcess.o [1]
    .bss               zero     0x2000'bb2c      0x4  imageProcess.o [1]
    .bss               zero     0x2000'bb30      0x4  imageProcess.o [1]
    .bss               zero     0x2000'bb34      0x1  imageProcess.o [1]
    .bss               zero     0x2000'bb38      0x4  imageProcess.o [1]
    .bss               zero     0x2000'bb3c      0x4  imageProcess.o [1]
    .bss               zero     0x2000'bb40      0x4  irq.o [1]
    .bss               zero     0x2000'bb44      0x4  irq.o [1]
    .bss               zero     0x2000'bb48      0x1  irq.o [1]
    .bss               zero     0x2000'bb4c      0x4  kservice.o [1]
    .bss               zero     0x2000'bb50    0x100  kservice.o [1]
    .bss               zero     0x2000'bc50      0x4  kservice.o [1]
    .bss               zero     0x2000'bc54      0x4  main.o [1]
    .bss               zero     0x2000'bc58      0x4  main.o [1]
    .bss               zero     0x2000'bc5c      0x4  main.o [1]
    .bss               zero     0x2000'bc60      0x4  main.o [1]
    .bss               zero     0x2000'bc64      0x4  main.o [1]
    .bss               zero     0x2000'bc68      0x4  main.o [1]
    .bss               zero     0x2000'bc6c      0x4  main.o [1]
    .bss               zero     0x2000'bc70      0x4  main.o [1]
    .bss               zero     0x2000'bc74      0x1  main.o [1]
    .bss               zero     0x2000'bc78      0x4  main.o [1]
    .bss               zero     0x2000'bc7c      0x4  main.o [1]
    .bss               zero     0x2000'bc80      0x4  main.o [1]
    .bss               zero     0x2000'bc84      0x4  main.o [1]
    .bss               zero     0x2000'bc88      0x4  main.o [1]
    .bss               zero     0x2000'bc8c      0x4  main.o [1]
    .bss               zero     0x2000'bc90      0x4  main.o [1]
    .bss               zero     0x2000'bc94      0x4  main.o [1]
    .bss               zero     0x2000'bc98      0x4  main.o [1]
    .bss               zero     0x2000'bc9c      0x4  main.o [1]
    .bss               zero     0x2000'bca0     0x64  memheap.o [1]
    .bss               zero     0x2000'bd04      0x4  object.o [1]
    .bss               zero     0x2000'bd08      0x4  object.o [1]
    .bss               zero     0x2000'bd0c      0x4  object.o [1]
    .bss               zero     0x2000'bd10      0x4  object.o [1]
    .bss               zero     0x2000'bd14      0x4  object.o [1]
    .bss               zero     0x2000'bd18    0x100  scheduler.o [1]
    .bss               zero     0x2000'be18      0x4  scheduler.o [1]
    .bss               zero     0x2000'be1c      0x2  scheduler.o [1]
    .bss               zero     0x2000'be20      0x4  scheduler.o [1]
    .bss               zero     0x2000'be24      0x1  scheduler.o [1]
    .bss               zero     0x2000'be28      0x8  scheduler.o [1]
    .bss               zero     0x2000'be30      0x4  scheduler.o [1]
    .bss               zero     0x2000'be34      0x4  SEEKFREE_MT9V03X.o [1]
    .bss               zero     0x2000'be38      0x1  SEEKFREE_MT9V03X.o [1]
    .bss               zero     0x2000'be39      0x1  SEEKFREE_MT9V03X.o [1]
    .bss               zero     0x2000'be3c      0x4  SEEKFREE_MT9V03X_CSI.o [1]
    .bss               zero     0x2000'be40      0x1  SEEKFREE_MT9V03X_CSI.o [1]
    .bss               zero     0x2000'be44      0x8  SEEKFREE_MT9V03X_CSI.o [1]
    .bss               zero     0x2000'be4c     0x30  SEEKFREE_MT9V03X_CSI.o [1]
    .bss               zero     0x2000'be7c      0x1  SEEKFREE_MT9V03X_CSI.o [1]
    .bss               zero     0x2000'be80      0x4  shell.o [1]
    .bss               zero     0x2000'be84      0x4  shell.o [1]
    .bss               zero     0x2000'be88      0x4  shell.o [1]
    .bss               zero     0x2000'be8c      0x4  shell.o [1]
    .bss               zero     0x2000'be90      0x4  shell.o [1]
    .bss               zero     0x2000'be94      0x4  shell.o [1]
    .bss               zero     0x2000'be98    0x104  shell.o [1]
    .bss               zero     0x2000'bf9c      0x4  test.o [1]
    .bss               zero     0x2000'bfa0      0x4  test.o [1]
    .bss               zero     0x2000'bfa4      0x4  test.o [1]
    .bss               zero     0x2000'bfa8      0x4  test.o [1]
    .bss               zero     0x2000'bfac      0x4  thread.o [1]
    .bss               zero     0x2000'bfb0      0x4  thread.o [1]
    .bss               zero     0x2000'bfb4      0x4  thread.o [1]
    .bss               zero     0x2000'bfb8      0x8  timer.o [1]
    .bss               zero     0x2000'bfc0      0x4  timer.o [1]
    .bss               zero     0x2000'bfc4      0x4  timer.o [1]
    .bss               zero     0x2000'bfc8      0x4  timer.o [1]
    .bss               zero     0x2000'bfcc     0xb0  ulog.o [1]
    .bss               zero     0x2000'c07c      0x4  ulog.o [1]
    .bss               zero     0x2000'c080      0x4  ulog.o [1]
    .bss               zero     0x2000'c084      0x4  ulog.o [1]
    .bss               zero     0x2000'c088      0x4  ulog.o [1]
    .bss               zero     0x2000'c08c     0x1c  zf_camera.o [1]
    .bss               zero     0x2000'c0a8     0x1c  zf_csi.o [1]
    .bss               zero     0x2000'c0c4      0x4  zf_csi.o [1]
    .bss               zero     0x2000'c0c8     0x10  zf_usb_cdc.o [1]
    .bss               zero     0x2000'c0d8      0x4  xfail_s.o [2]
  DTCM_VAR                      0x2000'c100   0x9620  <Block>
    NonCacheable       zero     0x2000'c100   0x4b00  SEEKFREE_MT9V03X_CSI.o [1]
    NonCacheable       zero     0x2001'0c00   0x4b00  SEEKFREE_MT9V03X_CSI.o [1]
                              - 0x2001'5700  0x15380

"P6":                                          0x400
  HEAP                          0x2001'5700    0x400  <Block>
    HEAP               uninit   0x2001'5700    0x400  <Block tail>
                              - 0x2001'5b00    0x400

"P7":                                         0x1000
  CSTACK                        0x2006'f000   0x1000  <Block>
    CSTACK             uninit   0x2006'f000   0x1000  <Block tail>
                              - 0x2007'0000   0x1000

"A2":                                          0x200
  .boot_hdr.conf       const    0x7000'0000    0x200  evkmimxrt1064_flexspi_nor_config.o [1]
                              - 0x7000'0200    0x200

"A3":                                           0x20
  .boot_hdr.ivt        const    0x7000'1000     0x20  fsl_flexspi_nor_boot.o [1]
                              - 0x7000'1020     0x20

"A4":                                           0x10
  .boot_hdr.boot_data  const    0x7000'1020     0x10  fsl_flexspi_nor_boot.o [1]
                              - 0x7000'1030     0x10

"A5":                                          0x430
  .boot_hdr.dcd_data   const    0x7000'1030    0x430  evkmimxrt1064_sdram_ini_dcd.o [1]
                              - 0x7000'1460    0x430

"A0":                                          0x440
  .intvec              const    0x7000'2000    0x400  zf_vector.o [1]
  .intvec              ro code  0x7000'2400     0x40  vector_table_M.o [4]
                              - 0x7000'2440    0x440

"P1":                                        0x12c00
  .text                ro code  0x7000'2440    0x1f6  lz77_init.o [4]
  .text                ro code  0x7000'2636      0x6  abort.o [2]
  .text                ro code  0x7000'263c     0x14  exit.o [5]
  .text                ro code  0x7000'2650    0x18a  system_MIMXRT1064.o [1]
  .text                ro code  0x7000'27da     0x3a  zero_init3.o [4]
  .text                ro code  0x7000'2814     0x6c  startup_MIMXRT1064.o [1]
  .text                ro code  0x7000'2880     0x28  data_init.o [4]
  .text                ro code  0x7000'28a8     0x22  fpinit_M.o [3]
  .iar.init_table      const    0x7000'28cc     0x6c  - Linker created -
  Veneer               ro code  0x7000'2938      0x8  - Linker created -
  Veneer               ro code  0x7000'2940      0x8  - Linker created -
  .text                ro code  0x7000'2948     0x1e  cmain.o [4]
  Veneer               ro code  0x7000'2968      0x8  - Linker created -
  .low_level_init      ro code  0x7000'2970      0xe  components.o [1]
  .text                ro code  0x7000'297e      0xc  cstartup_M.o [4]
  .rodata              const    0x7000'298a      0x0  zero_init3.o [4]
  .rodata              const    0x7000'298a      0x0  lz77_init.o [4]
  Initializer bytes    const    0x7000'298a  0x123b4  <for RW-1>
  Initializer bytes    const    0x7001'4d3e    0x1ba  <for FSymTab-1>
  Initializer bytes    const    0x7001'4ef8    0x148  <for P3-P5|P9 s0>
                              - 0x7001'5040  0x12c00

"P2|P11":                                    0x1e370
  RW                            0x8000'0400  0x1e370  <Block>
    RW-1                        0x8000'0400  0x1e124  <Init block>
      .rodata          inited   0x8000'0400    0x420  pow64.o [3]
      .rodata          inited   0x8000'0820     0x10  agile_button.o [1]
      .rodata          inited   0x8000'0830     0x18  agile_button.o [1]
      .rodata          inited   0x8000'0848      0xc  agile_button.o [1]
      .rodata          inited   0x8000'0854      0x8  agile_button.o [1]
      .rodata          inited   0x8000'085c     0x38  agile_button.o [1]
      .rodata          inited   0x8000'0894      0xc  agile_button.o [1]
      .rodata          inited   0x8000'08a0     0x38  agile_button.o [1]
      .rodata          inited   0x8000'08d8      0x8  board.o [1]
      .rodata          inited   0x8000'08e0     0x14  chassisThread.o [1]
      .rodata          inited   0x8000'08f4     0x10  chassisThread.o [1]
      .rodata          inited   0x8000'0904     0x18  clock_config.o [1]
      .rodata          inited   0x8000'091c     0x58  clock_config.o [1]
      .rodata          inited   0x8000'0974     0x10  clock_config.o [1]
      .rodata          inited   0x8000'0984      0x8  clock_config.o [1]
      .rodata          inited   0x8000'098c     0x14  cmd.o [1]
      .rodata          inited   0x8000'09a0      0x8  cmd.o [1]
      .rodata          inited   0x8000'09a8      0x8  cmd.o [1]
      .rodata          inited   0x8000'09b0     0x44  cmd.o [1]
      .rodata          inited   0x8000'09f4     0x40  cmd.o [1]
      .rodata          inited   0x8000'0a34      0xc  cmd.o [1]
      .rodata          inited   0x8000'0a40      0xc  cmd.o [1]
      .rodata          inited   0x8000'0a4c      0xc  cmd.o [1]
      .rodata          inited   0x8000'0a58      0xc  cmd.o [1]
      .rodata          inited   0x8000'0a64      0xc  cmd.o [1]
      .rodata          inited   0x8000'0a70      0xc  cmd.o [1]
      .rodata          inited   0x8000'0a7c     0x28  cmd.o [1]
      .rodata          inited   0x8000'0aa4      0xc  cmd.o [1]
      .rodata          inited   0x8000'0ab0     0x1c  cmd.o [1]
      .rodata          inited   0x8000'0acc     0x18  cmd.o [1]
      .rodata          inited   0x8000'0ae4     0x10  cmd.o [1]
      .rodata          inited   0x8000'0af4     0x10  cmd.o [1]
      .rodata          inited   0x8000'0b04      0x8  cmd.o [1]
      .rodata          inited   0x8000'0b0c     0x24  cmd.o [1]
      .rodata          inited   0x8000'0b30     0x20  cmd.o [1]
      .rodata          inited   0x8000'0b50     0x18  cmd.o [1]
      .rodata          inited   0x8000'0b68     0x14  cmd.o [1]
      .rodata          inited   0x8000'0b7c      0x8  cmd.o [1]
      .rodata          inited   0x8000'0b84     0x24  cmd.o [1]
      .rodata          inited   0x8000'0ba8     0x20  cmd.o [1]
      .rodata          inited   0x8000'0bc8     0x18  cmd.o [1]
      .rodata          inited   0x8000'0be0      0x8  cmd.o [1]
      .rodata          inited   0x8000'0be8     0x24  cmd.o [1]
      .rodata          inited   0x8000'0c0c     0x1c  cmd.o [1]
      .rodata          inited   0x8000'0c28     0x18  cmd.o [1]
      .rodata          inited   0x8000'0c40     0x18  cmd.o [1]
      .rodata          inited   0x8000'0c58      0xc  cmd.o [1]
      .rodata          inited   0x8000'0c64     0x1c  cmd.o [1]
      .rodata          inited   0x8000'0c80     0x18  cmd.o [1]
      .rodata          inited   0x8000'0c98     0x14  cmd.o [1]
      .rodata          inited   0x8000'0cac     0x14  cmd.o [1]
      .rodata          inited   0x8000'0cc0      0x8  cmd.o [1]
      .rodata          inited   0x8000'0cc8     0x30  cmd.o [1]
      .rodata          inited   0x8000'0cf8     0x2c  cmd.o [1]
      .rodata          inited   0x8000'0d24     0x1c  cmd.o [1]
      .rodata          inited   0x8000'0d40      0x8  cmd.o [1]
      .rodata          inited   0x8000'0d48     0x28  cmd.o [1]
      .rodata          inited   0x8000'0d70     0x24  cmd.o [1]
      .rodata          inited   0x8000'0d94     0x1c  cmd.o [1]
      .rodata          inited   0x8000'0db0     0x1c  cmd.o [1]
      .rodata          inited   0x8000'0dcc      0x8  cmd.o [1]
      .rodata          inited   0x8000'0dd4     0x28  cmd.o [1]
      .rodata          inited   0x8000'0dfc     0x24  cmd.o [1]
      .rodata          inited   0x8000'0e20     0x18  cmd.o [1]
      .rodata          inited   0x8000'0e38      0xc  cmd.o [1]
      .rodata          inited   0x8000'0e44     0x10  cmd.o [1]
      .rodata          inited   0x8000'0e54     0x18  cmd.o [1]
      .rodata          inited   0x8000'0e6c     0x14  cmd.o [1]
      .rodata          inited   0x8000'0e80     0x10  cmd.o [1]
      .rodata          inited   0x8000'0e90     0x14  components.o [1]
      .rodata          inited   0x8000'0ea4      0x8  components.o [1]
      .rodata          inited   0x8000'0eac     0x10  components.o [1]
      .rodata          inited   0x8000'0ebc      0x8  console_be.o [1]
      .rodata          inited   0x8000'0ec4     0x14  controller.o [1]
      .rodata          inited   0x8000'0ed8     0x18  controller.o [1]
      .rodata          inited   0x8000'0ef0     0x18  controller.o [1]
      .rodata          inited   0x8000'0f08     0x18  controller.o [1]
      .rodata          inited   0x8000'0f20     0x10  cpuport.o [1]
      .rodata          inited   0x8000'0f30     0x18  cpuport.o [1]
      .rodata          inited   0x8000'0f48      0xc  cpuport.o [1]
      .rodata          inited   0x8000'0f54      0xc  cpuport.o [1]
      .rodata          inited   0x8000'0f60      0x8  cpuport.o [1]
      .rodata          inited   0x8000'0f68      0x8  cpuport.o [1]
      .rodata          inited   0x8000'0f70      0xc  cpuport.o [1]
      .rodata          inited   0x8000'0f7c      0xc  cpuport.o [1]
      .rodata          inited   0x8000'0f88      0xc  cpuport.o [1]
      .rodata          inited   0x8000'0f94     0x18  cpuport.o [1]
      .rodata          inited   0x8000'0fac      0xc  cpuport.o [1]
      .rodata          inited   0x8000'0fb8      0xc  cpuport.o [1]
      .rodata          inited   0x8000'0fc4     0x10  cpuport.o [1]
      .rodata          inited   0x8000'0fd4      0xc  cpuport.o [1]
      .rodata          inited   0x8000'0fe0      0x8  cpuport.o [1]
      .rodata          inited   0x8000'0fe8     0x10  cpuport.o [1]
      .rodata          inited   0x8000'0ff8     0x14  cpuport.o [1]
      .rodata          inited   0x8000'100c     0x18  cpuport.o [1]
      .rodata          inited   0x8000'1024      0xc  cpuport.o [1]
      .rodata          inited   0x8000'1030      0xc  cpuport.o [1]
      .rodata          inited   0x8000'103c      0xc  cpuport.o [1]
      .rodata          inited   0x8000'1048      0xc  cpuport.o [1]
      .rodata          inited   0x8000'1054     0x10  cpuport.o [1]
      .rodata          inited   0x8000'1064     0x18  cpuport.o [1]
      .rodata          inited   0x8000'107c     0x10  cpuport.o [1]
      .rodata          inited   0x8000'108c     0x10  cpuport.o [1]
      .rodata          inited   0x8000'109c     0x10  cpuport.o [1]
      .rodata          inited   0x8000'10ac     0x10  cpuport.o [1]
      .rodata          inited   0x8000'10bc     0x10  cpuport.o [1]
      .rodata          inited   0x8000'10cc     0x10  cpuport.o [1]
      .rodata          inited   0x8000'10dc     0x10  cpuport.o [1]
      .rodata          inited   0x8000'10ec     0x10  cpuport.o [1]
      .rodata          inited   0x8000'10fc     0x10  cpuport.o [1]
      .rodata          inited   0x8000'110c     0x10  cpuport.o [1]
      .rodata          inited   0x8000'111c     0x10  cpuport.o [1]
      .rodata          inited   0x8000'112c     0x10  cpuport.o [1]
      .rodata          inited   0x8000'113c     0x10  cpuport.o [1]
      .rodata          inited   0x8000'114c     0x10  cpuport.o [1]
      .rodata          inited   0x8000'115c     0x10  cpuport.o [1]
      .rodata          inited   0x8000'116c     0x10  cpuport.o [1]
      .rodata          inited   0x8000'117c     0x10  cpuport.o [1]
      .rodata          inited   0x8000'118c     0x20  cpuport.o [1]
      .rodata          inited   0x8000'11ac     0x1c  cpuport.o [1]
      .rodata          inited   0x8000'11c8     0x10  cpuport.o [1]
      .rodata          inited   0x8000'11d8     0x14  easyblink.o [1]
      .rodata          inited   0x8000'11ec      0xc  easyblink.o [1]
      .rodata          inited   0x8000'11f8      0xc  easyblink.o [1]
      .rodata          inited   0x8000'1204      0x8  easyblink.o [1]
      .rodata          inited   0x8000'120c      0xc  easyblink.o [1]
      .rodata          inited   0x8000'1218      0xc  easyblink.o [1]
      .rodata          inited   0x8000'1224     0x10  easyblink.o [1]
      .rodata          inited   0x8000'1234     0x10  easyblink.o [1]
      .rodata          inited   0x8000'1244     0x10  easyblink.o [1]
      .rodata          inited   0x8000'1254      0xc  easyblink.o [1]
      .rodata          inited   0x8000'1260      0xc  easyblink.o [1]
      .rodata          inited   0x8000'126c     0x3c  easyblink.o [1]
      .rodata          inited   0x8000'12a8     0x2c  easyblink.o [1]
      .rodata          inited   0x8000'12d4     0x2c  easyblink.o [1]
      .rodata          inited   0x8000'1300     0x28  easyblink.o [1]
      .rodata          inited   0x8000'1328     0x38  easyblink.o [1]
      .rodata          inited   0x8000'1360     0x44  easyblink.o [1]
      .rodata          inited   0x8000'13a4     0x14  encoder.o [1]
      .rodata          inited   0x8000'13b8     0x10  encoder.o [1]
      .rodata          inited   0x8000'13c8      0x8  encoder.o [1]
      .rodata          inited   0x8000'13d0     0x20  encoder.o [1]
      .rodata          inited   0x8000'13f0     0x2c  fsl_assert.o [1]
      .rodata          inited   0x8000'141c     0x10  fsl_clock.o [1]
      .rodata          inited   0x8000'142c     0x58  fsl_clock.o [1]
      .rodata          inited   0x8000'1484     0x10  fsl_clock.o [1]
      .rodata          inited   0x8000'1494     0x10  fsl_csi.o [1]
      .rodata          inited   0x8000'14a4     0x58  fsl_csi.o [1]
      .rodata          inited   0x8000'14fc     0x3c  fsl_csi.o [1]
      .rodata          inited   0x8000'1538     0x58  fsl_csi.o [1]
      .rodata          inited   0x8000'1590      0x8  fsl_csi.o [1]
      .rodata          inited   0x8000'1598      0x8  fsl_csi.o [1]
      .rodata          inited   0x8000'15a0      0x4  fsl_csi.o [1]
      .rodata          inited   0x8000'15a4      0x8  fsl_debug_console.o [1]
      .rodata          inited   0x8000'15ac     0x74  fsl_debug_console.o [1]
      .rodata          inited   0x8000'1620      0xc  fsl_debug_console.o [1]
      .rodata          inited   0x8000'162c     0x28  fsl_debug_console.o [1]
      .rodata          inited   0x8000'1654     0x10  fsl_debug_console.o [1]
      .rodata          inited   0x8000'1664     0x58  fsl_edma.o [1]
      .rodata          inited   0x8000'16bc     0x1c  fsl_edma.o [1]
      .rodata          inited   0x8000'16d8      0xc  fsl_edma.o [1]
      .rodata          inited   0x8000'16e4     0x3c  fsl_enet.o [1]
      .rodata          inited   0x8000'1720     0x58  fsl_enet.o [1]
      .rodata          inited   0x8000'1778      0xc  fsl_enet.o [1]
      .rodata          inited   0x8000'1784     0x5c  fsl_flexcan.o [1]
      .rodata          inited   0x8000'17e0     0x18  fsl_flexcan.o [1]
      .rodata          inited   0x8000'17f8     0x18  fsl_flexcan.o [1]
      .rodata          inited   0x8000'1810     0x18  fsl_flexcan.o [1]
      .rodata          inited   0x8000'1828     0x10  fsl_gpio.o [1]
      .rodata          inited   0x8000'1838     0x58  fsl_gpio.o [1]
      .rodata          inited   0x8000'1890     0x3c  fsl_gpio.o [1]
      .rodata          inited   0x8000'18cc     0x58  fsl_gpio.o [1]
      .rodata          inited   0x8000'1924      0xc  fsl_gpio.o [1]
      .rodata          inited   0x8000'1930     0x28  fsl_gpio.o [1]
      .rodata          inited   0x8000'1958      0xc  fsl_gpio.o [1]
      .rodata          inited   0x8000'1964     0x10  fsl_lpspi.o [1]
      .rodata          inited   0x8000'1974     0x58  fsl_lpspi.o [1]
      .rodata          inited   0x8000'19cc     0x40  fsl_lpspi.o [1]
      .rodata          inited   0x8000'1a0c     0x58  fsl_lpspi.o [1]
      .rodata          inited   0x8000'1a64     0x10  fsl_lpspi.o [1]
      .rodata          inited   0x8000'1a74     0x14  fsl_lpspi.o [1]
      .rodata          inited   0x8000'1a88      0xc  fsl_lpspi.o [1]
      .rodata          inited   0x8000'1a94      0x8  fsl_lpspi.o [1]
      .rodata          inited   0x8000'1a9c      0x8  fsl_lpspi.o [1]
      .rodata          inited   0x8000'1aa4     0x14  fsl_lpspi.o [1]
      .rodata          inited   0x8000'1ab8     0x14  fsl_lpspi.o [1]
      .rodata          inited   0x8000'1acc     0x14  fsl_lpspi.o [1]
      .rodata          inited   0x8000'1ae0     0x14  fsl_lpspi.o [1]
      .rodata          inited   0x8000'1af4      0x8  fsl_lpspi.o [1]
      .rodata          inited   0x8000'1afc     0x14  fsl_lpspi.o [1]
      .rodata          inited   0x8000'1b10      0xc  fsl_lpspi.o [1]
      .rodata          inited   0x8000'1b1c     0x10  fsl_lpuart.o [1]
      .rodata          inited   0x8000'1b2c     0x58  fsl_lpuart.o [1]
      .rodata          inited   0x8000'1b84     0x40  fsl_lpuart.o [1]
      .rodata          inited   0x8000'1bc4     0x5c  fsl_lpuart.o [1]
      .rodata          inited   0x8000'1c20      0xc  fsl_lpuart.o [1]
      .rodata          inited   0x8000'1c2c      0xc  fsl_lpuart.o [1]
      .rodata          inited   0x8000'1c38      0xc  fsl_lpuart.o [1]
      .rodata          inited   0x8000'1c44     0x1c  fsl_lpuart.o [1]
      .rodata          inited   0x8000'1c60     0x28  fsl_lpuart.o [1]
      .rodata          inited   0x8000'1c88     0x28  fsl_lpuart.o [1]
      .rodata          inited   0x8000'1cb0     0x24  fsl_lpuart.o [1]
      .rodata          inited   0x8000'1cd4     0x14  fsl_lpuart.o [1]
      .rodata          inited   0x8000'1ce8     0x14  fsl_lpuart.o [1]
      .rodata          inited   0x8000'1cfc     0x10  fsl_pit.o [1]
      .rodata          inited   0x8000'1d0c     0x58  fsl_pit.o [1]
      .rodata          inited   0x8000'1d64     0x3c  fsl_pit.o [1]
      .rodata          inited   0x8000'1da0     0x58  fsl_pit.o [1]
      .rodata          inited   0x8000'1df8      0xc  fsl_pit.o [1]
      .rodata          inited   0x8000'1e04      0x4  fsl_pit.o [1]
      .rodata          inited   0x8000'1e08     0x10  fsl_pwm.o [1]
      .rodata          inited   0x8000'1e18     0x58  fsl_pwm.o [1]
      .rodata          inited   0x8000'1e70     0x3c  fsl_pwm.o [1]
      .rodata          inited   0x8000'1eac     0x58  fsl_pwm.o [1]
      .rodata          inited   0x8000'1f04      0x8  fsl_pwm.o [1]
      .rodata          inited   0x8000'1f0c      0xc  fsl_pwm.o [1]
      .rodata          inited   0x8000'1f18      0xc  fsl_pwm.o [1]
      .rodata          inited   0x8000'1f24      0xc  fsl_pwm.o [1]
      .rodata          inited   0x8000'1f30      0xc  fsl_pwm.o [1]
      .rodata          inited   0x8000'1f3c     0x28  fsl_pwm.o [1]
      .rodata          inited   0x8000'1f64     0x1c  fsl_pwm.o [1]
      .rodata          inited   0x8000'1f80     0x1c  fsl_pwm.o [1]
      .rodata          inited   0x8000'1f9c     0x14  fsl_pwm.o [1]
      .rodata          inited   0x8000'1fb0     0x28  fsl_pwm.o [1]
      .rodata          inited   0x8000'1fd8     0x10  fsl_qtmr.o [1]
      .rodata          inited   0x8000'1fe8     0x58  fsl_qtmr.o [1]
      .rodata          inited   0x8000'2040     0x3c  fsl_qtmr.o [1]
      .rodata          inited   0x8000'207c     0x58  fsl_qtmr.o [1]
      .rodata          inited   0x8000'20d4      0xc  fsl_qtmr.o [1]
      .rodata          inited   0x8000'20e0     0x14  fsl_qtmr.o [1]
      .rodata          inited   0x8000'20f4      0xc  fsl_qtmr.o [1]
      .rodata          inited   0x8000'2100     0x58  fsl_sai.o [1]
      .rodata          inited   0x8000'2158     0x18  fsl_sai.o [1]
      .rodata          inited   0x8000'2170     0x18  fsl_sai.o [1]
      .rodata          inited   0x8000'2188      0xc  fsl_sdmmc_host.o [1]
      .rodata          inited   0x8000'2194     0x74  fsl_sdmmc_host.o [1]
      .rodata          inited   0x8000'2208      0xc  fsl_usdhc.o [1]
      .rodata          inited   0x8000'2214     0x18  idle.o [1]
      .rodata          inited   0x8000'222c     0x28  idle.o [1]
      .rodata          inited   0x8000'2254      0x8  idle.o [1]
      .rodata          inited   0x8000'225c     0x14  inc_pid_controller.o [1]
      .rodata          inited   0x8000'2270     0x14  inc_pid_controller.o [1]
      .rodata          inited   0x8000'2284      0xc  ipc.o [1]
      .rodata          inited   0x8000'2290     0x10  ipc.o [1]
      .rodata          inited   0x8000'22a0     0x14  ipc.o [1]
      .rodata          inited   0x8000'22b4     0x48  ipc.o [1]
      .rodata          inited   0x8000'22fc     0x10  ipc.o [1]
      .rodata          inited   0x8000'230c     0x28  ipc.o [1]
      .rodata          inited   0x8000'2334      0xc  ipc.o [1]
      .rodata          inited   0x8000'2340     0x38  ipc.o [1]
      .rodata          inited   0x8000'2378     0x10  ipc.o [1]
      .rodata          inited   0x8000'2388     0x10  ipc.o [1]
      .rodata          inited   0x8000'2398     0x10  ipc.o [1]
      .rodata          inited   0x8000'23a8     0x14  ipc.o [1]
      .rodata          inited   0x8000'23bc     0x44  ipc.o [1]
      .rodata          inited   0x8000'2400     0x10  ipc.o [1]
      .rodata          inited   0x8000'2410     0x10  ipc.o [1]
      .rodata          inited   0x8000'2420     0x40  ipc.o [1]
      .rodata          inited   0x8000'2460     0x10  ipc.o [1]
      .rodata          inited   0x8000'2470     0x14  ipc.o [1]
      .rodata          inited   0x8000'2484     0x10  ipc.o [1]
      .rodata          inited   0x8000'2494     0x44  ipc.o [1]
      .rodata          inited   0x8000'24d8     0x10  ipc.o [1]
      .rodata          inited   0x8000'24e8     0x10  ipc.o [1]
      .rodata          inited   0x8000'24f8      0xc  ipc.o [1]
      .rodata          inited   0x8000'2504      0xc  kservice.o [1]
      .rodata          inited   0x8000'2510     0x24  kservice.o [1]
      .rodata          inited   0x8000'2534     0x20  kservice.o [1]
      .rodata          inited   0x8000'2554      0xc  kservice.o [1]
      .rodata          inited   0x8000'2560     0x2c  kservice.o [1]
      .rodata          inited   0x8000'258c      0x8  kservice.o [1]
      .rodata          inited   0x8000'2594     0x38  kservice.o [1]
      .rodata          inited   0x8000'25cc     0x14  kservice.o [1]
      .rodata          inited   0x8000'25e0     0x14  kservice.o [1]
      .rodata          inited   0x8000'25f4    0x100  kservice.o [1]
      .rodata          inited   0x8000'26f4      0x8  lpuart_adapter.o [1]
      .rodata          inited   0x8000'26fc     0x68  lpuart_adapter.o [1]
      .rodata          inited   0x8000'2764      0x8  lpuart_adapter.o [1]
      .rodata          inited   0x8000'276c     0x4c  lpuart_adapter.o [1]
      .rodata          inited   0x8000'27b8     0x28  lpuart_adapter.o [1]
      .rodata          inited   0x8000'27e0      0x8  lpuart_adapter.o [1]
      .rodata          inited   0x8000'27e8      0x8  lpuart_adapter.o [1]
      .rodata          inited   0x8000'27f0     0x24  lpuart_adapter.o [1]
      .rodata          inited   0x8000'2814     0x10  main.o [1]
      .rodata          inited   0x8000'2824     0x10  main.o [1]
      .rodata          inited   0x8000'2834      0xc  main.o [1]
      .rodata          inited   0x8000'2840     0x10  main.o [1]
      .rodata          inited   0x8000'2850     0x1c  main.o [1]
      .rodata          inited   0x8000'286c     0x10  memheap.o [1]
      .rodata          inited   0x8000'287c     0x14  memheap.o [1]
      .rodata          inited   0x8000'2890      0x8  memheap.o [1]
      .rodata          inited   0x8000'2898     0x40  memheap.o [1]
      .rodata          inited   0x8000'28d8     0x14  memheap.o [1]
      .rodata          inited   0x8000'28ec     0x10  memheap.o [1]
      .rodata          inited   0x8000'28fc     0x10  memheap.o [1]
      .rodata          inited   0x8000'290c     0x3c  memheap.o [1]
      .rodata          inited   0x8000'2948     0x24  memheap.o [1]
      .rodata          inited   0x8000'296c     0x40  memheap.o [1]
      .rodata          inited   0x8000'29ac      0xc  memheap.o [1]
      .rodata          inited   0x8000'29b8     0x18  memheap.o [1]
      .rodata          inited   0x8000'29d0      0xc  motor.o [1]
      .rodata          inited   0x8000'29dc     0x10  motor.o [1]
      .rodata          inited   0x8000'29ec     0x1c  msh.o [1]
      .rodata          inited   0x8000'2a08      0x8  msh.o [1]
      .rodata          inited   0x8000'2a10      0xc  msh.o [1]
      .rodata          inited   0x8000'2a1c     0x20  msh.o [1]
      .rodata          inited   0x8000'2a3c     0x10  msh.o [1]
      .rodata          inited   0x8000'2a4c      0x8  msh.o [1]
      .rodata          inited   0x8000'2a54     0x18  msh.o [1]
      .rodata          inited   0x8000'2a6c     0x10  object.o [1]
      .rodata          inited   0x8000'2a7c     0x18  object.o [1]
      .rodata          inited   0x8000'2a94     0x10  object.o [1]
      .rodata          inited   0x8000'2aa4     0x14  object.o [1]
      .rodata          inited   0x8000'2ab8     0x14  object.o [1]
      .rodata          inited   0x8000'2acc     0x14  object.o [1]
      .rodata          inited   0x8000'2ae0     0x28  object.o [1]
      .rodata          inited   0x8000'2b08     0x14  object.o [1]
      .rodata          inited   0x8000'2b1c     0x2c  object.o [1]
      .rodata          inited   0x8000'2b48     0x1c  object.o [1]
      .rodata          inited   0x8000'2b64     0x14  object.o [1]
      .rodata          inited   0x8000'2b78     0x1c  scheduler.o [1]
      .rodata          inited   0x8000'2b94     0x14  scheduler.o [1]
      .rodata          inited   0x8000'2ba8     0x1c  scheduler.o [1]
      .rodata          inited   0x8000'2bc4     0x38  scheduler.o [1]
      .rodata          inited   0x8000'2bfc     0x1c  scheduler.o [1]
      .rodata          inited   0x8000'2c18     0x1c  scheduler.o [1]
      .rodata          inited   0x8000'2c34    0x5f0  SEEKFREE_FONT.o [1]
      .rodata          inited   0x8000'3224      0xc  serial_manager.o [1]
      .rodata          inited   0x8000'3230     0x70  serial_manager.o [1]
      .rodata          inited   0x8000'32a0      0x8  serial_manager.o [1]
      .rodata          inited   0x8000'32a8      0x8  serial_manager.o [1]
      .rodata          inited   0x8000'32b0      0x8  serial_manager.o [1]
      .rodata          inited   0x8000'32b8      0xc  serial_manager.o [1]
      .rodata          inited   0x8000'32c4      0x8  serial_manager.o [1]
      .rodata          inited   0x8000'32cc     0x10  serial_manager.o [1]
      .rodata          inited   0x8000'32dc     0x10  serial_port_uart.o [1]
      .rodata          inited   0x8000'32ec     0x74  serial_port_uart.o [1]
      .rodata          inited   0x8000'3360     0x10  serial_port_uart.o [1]
      .rodata          inited   0x8000'3370      0x8  serial_port_uart.o [1]
      .rodata          inited   0x8000'3378      0x8  serial_port_uart.o [1]
      .rodata          inited   0x8000'3380      0x8  shell.o [1]
      .rodata          inited   0x8000'3388      0x8  shell.o [1]
      .rodata          inited   0x8000'3390     0x14  shell.o [1]
      .rodata          inited   0x8000'33a4     0x18  shell.o [1]
      .rodata          inited   0x8000'33bc      0x8  shell.o [1]
      .rodata          inited   0x8000'33c4      0x8  shell.o [1]
      .rodata          inited   0x8000'33cc      0x8  shell.o [1]
      .rodata          inited   0x8000'33d4     0x18  shell.o [1]
      .rodata          inited   0x8000'33ec      0x8  shell.o [1]
      .rodata          inited   0x8000'33f4      0x8  shell.o [1]
      .rodata          inited   0x8000'33fc     0x18  test.o [1]
      .rodata          inited   0x8000'3414     0x10  thread.o [1]
      .rodata          inited   0x8000'3424     0x24  thread.o [1]
      .rodata          inited   0x8000'3448     0x10  thread.o [1]
      .rodata          inited   0x8000'3458     0x14  thread.o [1]
      .rodata          inited   0x8000'346c     0x18  thread.o [1]
      .rodata          inited   0x8000'3484     0x14  thread.o [1]
      .rodata          inited   0x8000'3498     0x38  thread.o [1]
      .rodata          inited   0x8000'34d0     0x44  thread.o [1]
      .rodata          inited   0x8000'3514     0x14  thread.o [1]
      .rodata          inited   0x8000'3528     0x30  thread.o [1]
      .rodata          inited   0x8000'3558     0x14  thread.o [1]
      .rodata          inited   0x8000'356c     0x3c  thread.o [1]
      .rodata          inited   0x8000'35a8     0x10  thread.o [1]
      .rodata          inited   0x8000'35b8     0x14  thread.o [1]
      .rodata          inited   0x8000'35cc     0x14  thread.o [1]
      .rodata          inited   0x8000'35e0     0x1c  thread.o [1]
      .rodata          inited   0x8000'35fc     0x14  thread.o [1]
      .rodata          inited   0x8000'3610     0x14  thread.o [1]
      .rodata          inited   0x8000'3624     0x3c  thread.o [1]
      .rodata          inited   0x8000'3660     0x10  timer.o [1]
      .rodata          inited   0x8000'3670     0x14  timer.o [1]
      .rodata          inited   0x8000'3684     0x10  timer.o [1]
      .rodata          inited   0x8000'3694     0x3c  timer.o [1]
      .rodata          inited   0x8000'36d0     0x2c  timer.o [1]
      .rodata          inited   0x8000'36fc     0x10  timer.o [1]
      .rodata          inited   0x8000'370c     0x24  timer.o [1]
      .rodata          inited   0x8000'3730     0x10  timer.o [1]
      .rodata          inited   0x8000'3740     0x14  timer.o [1]
      .rodata          inited   0x8000'3754      0x4  ulog.o [1]
      .rodata          inited   0x8000'3758      0x4  ulog.o [1]
      .rodata          inited   0x8000'375c      0x4  ulog.o [1]
      .rodata          inited   0x8000'3760      0x4  ulog.o [1]
      .rodata          inited   0x8000'3764      0x4  ulog.o [1]
      .rodata          inited   0x8000'3768      0x4  ulog.o [1]
      .rodata          inited   0x8000'376c      0x4  ulog.o [1]
      .rodata          inited   0x8000'3770      0x4  ulog.o [1]
      .rodata          inited   0x8000'3774      0x4  ulog.o [1]
      .rodata          inited   0x8000'3778      0xc  ulog.o [1]
      .rodata          inited   0x8000'3784     0x54  ulog.o [1]
      .rodata          inited   0x8000'37d8     0x10  ulog.o [1]
      .rodata          inited   0x8000'37e8      0x8  ulog.o [1]
      .rodata          inited   0x8000'37f0     0x18  ulog.o [1]
      .rodata          inited   0x8000'3808      0x8  ulog.o [1]
      .rodata          inited   0x8000'3810      0x8  ulog.o [1]
      .rodata          inited   0x8000'3818     0x10  ulog.o [1]
      .rodata          inited   0x8000'3828     0x10  ulog.o [1]
      .rodata          inited   0x8000'3838     0x18  ulog.o [1]
      .rodata          inited   0x8000'3850      0x8  ulog.o [1]
      .rodata          inited   0x8000'3858      0x8  ulog.o [1]
      .rodata          inited   0x8000'3860     0x10  ulog.o [1]
      .rodata          inited   0x8000'3870      0xc  ulog.o [1]
      .rodata          inited   0x8000'387c     0x20  ulog.o [1]
      .rodata          inited   0x8000'389c     0x20  ulog.o [1]
      .rodata          inited   0x8000'38bc      0x8  util.o [1]
      .rodata          inited   0x8000'38c4      0x8  util.o [1]
      .rodata          inited   0x8000'38cc     0x10  wheel.o [1]
      .rodata          inited   0x8000'38dc     0x10  wheel.o [1]
      .rodata          inited   0x8000'38ec     0x10  wheel.o [1]
      .rodata          inited   0x8000'38fc     0x18  zf_csi.o [1]
      .rodata          inited   0x8000'3914     0x58  zf_csi.o [1]
      .rodata          inited   0x8000'396c     0x54  zf_csi.o [1]
      .rodata          inited   0x8000'39c0      0xc  zf_gpio.o [1]
      .rodata          inited   0x8000'39cc     0x74  zf_gpio.o [1]
      .rodata          inited   0x8000'3a40     0x10  zf_iomuxc.o [1]
      .rodata          inited   0x8000'3a50     0x58  zf_iomuxc.o [1]
      .rodata          inited   0x8000'3aa8     0x58  zf_iomuxc.o [1]
      .rodata          inited   0x8000'3b00      0xc  zf_pit.o [1]
      .rodata          inited   0x8000'3b0c     0x74  zf_pit.o [1]
      .rodata          inited   0x8000'3b80     0x54  zf_pwm.o [1]
      .rodata          inited   0x8000'3bd4     0x58  zf_qtimer.o [1]
      .rodata          inited   0x8000'3c2c     0x18  zf_spi.o [1]
      .rodata          inited   0x8000'3c44     0x58  zf_spi.o [1]
      .rodata          inited   0x8000'3c9c     0x54  zf_spi.o [1]
      .rodata          inited   0x8000'3cf0      0xc  zf_spi.o [1]
      .rodata          inited   0x8000'3cfc     0x54  zf_uart.o [1]
      .rodata          inited   0x8000'3d50     0x50  iar_Stoulx.o [2]
      .rodata.name     inited   0x8000'3da0     0x1c  chassisThread.o [1]
      .rodata.name     inited   0x8000'3dbc     0x20  chassisThread.o [1]
      .rodata.name     inited   0x8000'3ddc     0x20  chassisThread.o [1]
      .rodata.name     inited   0x8000'3dfc     0x24  chassisThread.o [1]
      .rodata.name     inited   0x8000'3e20     0x20  chassisThread.o [1]
      .rodata.name     inited   0x8000'3e40     0x30  chassisThread.o [1]
      .rodata.name     inited   0x8000'3e70     0x18  chassisThread.o [1]
      .rodata.name     inited   0x8000'3e88     0x18  chassisThread.o [1]
      .rodata.name     inited   0x8000'3ea0     0x20  chassisThread.o [1]
      .rodata.name     inited   0x8000'3ec0     0x20  chassisThread.o [1]
      .rodata.name     inited   0x8000'3ee0      0x8  cmd.o [1]
      .rodata.name     inited   0x8000'3ee8     0x10  cmd.o [1]
      .rodata.name     inited   0x8000'3ef8      0x8  cmd.o [1]
      .rodata.name     inited   0x8000'3f00     0x1c  cmd.o [1]
      .rodata.name     inited   0x8000'3f1c      0xc  cmd.o [1]
      .rodata.name     inited   0x8000'3f28     0x1c  cmd.o [1]
      .rodata.name     inited   0x8000'3f44      0x8  cmd.o [1]
      .rodata.name     inited   0x8000'3f4c     0x24  cmd.o [1]
      .rodata.name     inited   0x8000'3f70     0x10  cmd.o [1]
      .rodata.name     inited   0x8000'3f80     0x24  cmd.o [1]
      .rodata.name     inited   0x8000'3fa4      0xc  cmd.o [1]
      .rodata.name     inited   0x8000'3fb0      0xc  cmd.o [1]
      .rodata.name     inited   0x8000'3fbc     0x14  cmd.o [1]
      .rodata.name     inited   0x8000'3fd0      0xc  cmd.o [1]
      .rodata.name     inited   0x8000'3fdc      0xc  cmd.o [1]
      .rodata.name     inited   0x8000'3fe8     0x1c  cmd.o [1]
      .rodata.name     inited   0x8000'4004     0x10  cmd.o [1]
      .rodata.name     inited   0x8000'4014     0x1c  cmd.o [1]
      .rodata.name     inited   0x8000'4030      0xc  cmd.o [1]
      .rodata.name     inited   0x8000'403c     0x18  cmd.o [1]
      .rodata.name     inited   0x8000'4054     0x14  cmd.o [1]
      .rodata.name     inited   0x8000'4068     0x18  cmd.o [1]
      .rodata.name     inited   0x8000'4080      0xc  cmd.o [1]
      .rodata.name     inited   0x8000'408c     0x18  cmd.o [1]
      .rodata.name     inited   0x8000'40a4     0x14  cmd.o [1]
      .rodata.name     inited   0x8000'40b8     0x18  cmd.o [1]
      .rodata.name     inited   0x8000'40d0     0x10  cmd.o [1]
      .rodata.name     inited   0x8000'40e0     0x18  cmd.o [1]
      .rodata.name     inited   0x8000'40f8     0x14  cmd.o [1]
      .rodata.name     inited   0x8000'410c     0x18  cmd.o [1]
      .rodata.name     inited   0x8000'4124     0x10  cmd.o [1]
      .rodata.name     inited   0x8000'4134     0x20  cmd.o [1]
      .rodata.name     inited   0x8000'4154     0x14  cmd.o [1]
      .rodata.name     inited   0x8000'4168     0x20  cmd.o [1]
      .rodata.name     inited   0x8000'4188     0x10  cmd.o [1]
      .rodata.name     inited   0x8000'4198     0x1c  cmd.o [1]
      .rodata.name     inited   0x8000'41b4     0x14  cmd.o [1]
      .rodata.name     inited   0x8000'41c8     0x1c  cmd.o [1]
      .rodata.name     inited   0x8000'41e4     0x10  cmd.o [1]
      .rodata.name     inited   0x8000'41f4     0x1c  cmd.o [1]
      .rodata.name     inited   0x8000'4210     0x14  cmd.o [1]
      .rodata.name     inited   0x8000'4224     0x1c  cmd.o [1]
      .rodata.name     inited   0x8000'4240      0xc  cmd.o [1]
      .rodata.name     inited   0x8000'424c     0x18  cmd.o [1]
      .rodata.name     inited   0x8000'4264     0x14  cmd.o [1]
      .rodata.name     inited   0x8000'4278     0x18  cmd.o [1]
      .rodata.name     inited   0x8000'4290      0x8  cmd.o [1]
      .rodata.name     inited   0x8000'4298     0x1c  cmd.o [1]
      .rodata.name     inited   0x8000'42b4     0x10  easyblink.o [1]
      .rodata.name     inited   0x8000'42c4     0x18  easyblink.o [1]
      .rodata.name     inited   0x8000'42dc     0x20  main.o [1]
      .rodata.name     inited   0x8000'42fc     0x34  main.o [1]
      .rodata.name     inited   0x8000'4330     0x1c  main.o [1]
      .rodata.name     inited   0x8000'434c     0x1c  main.o [1]
      .rodata.name     inited   0x8000'4368     0x14  main.o [1]
      .rodata.name     inited   0x8000'437c     0x18  main.o [1]
      .rodata.name     inited   0x8000'4394     0x18  main.o [1]
      .rodata.name     inited   0x8000'43ac     0x1c  main.o [1]
      .rodata.name     inited   0x8000'43c8     0x1c  main.o [1]
      .rodata.name     inited   0x8000'43e4     0x20  main.o [1]
      .rodata.name     inited   0x8000'4404     0x20  main.o [1]
      .rodata.name     inited   0x8000'4424     0x38  main.o [1]
      .rodata.name     inited   0x8000'445c      0xc  msh.o [1]
      .rodata.name     inited   0x8000'4468     0x18  msh.o [1]
      .rodata.name     inited   0x8000'4480      0xc  msh.o [1]
      .rodata.name     inited   0x8000'448c     0x1c  msh.o [1]
      .rodata.name     inited   0x8000'44a8      0xc  msh.o [1]
      .rodata.name     inited   0x8000'44b4     0x28  msh.o [1]
      .rodata.name     inited   0x8000'44dc     0x18  test.o [1]
      .rodata.name     inited   0x8000'44f4     0x14  test.o [1]
      .rodata.name     inited   0x8000'4508     0x14  test.o [1]
      .rodata.name     inited   0x8000'451c     0x10  test.o [1]
      .rodata.name     inited   0x8000'452c     0x18  test.o [1]
      .rodata.name     inited   0x8000'4544     0x1c  test.o [1]
      .rodata.name     inited   0x8000'4560     0x18  test.o [1]
      .rodata.name     inited   0x8000'4578     0x1c  test.o [1]
      .rodata.name     inited   0x8000'4594     0x10  util.o [1]
      .rodata.name     inited   0x8000'45a4     0x10  util.o [1]
      .rodata.name     inited   0x8000'45b4     0x1c  util.o [1]
      .rodata.name     inited   0x8000'45d0     0x14  util.o [1]
      .rodata.name     inited   0x8000'45e4     0x1c  util.o [1]
      .rodata.name     inited   0x8000'4600     0x18  util.o [1]
      .rodata.name     inited   0x8000'4618     0x18  util.o [1]
      .rodata.name     inited   0x8000'4630     0x14  util.o [1]
      .rodata.name     inited   0x8000'4644     0x14  util.o [1]
      .rodata.name     inited   0x8000'4658     0x10  util.o [1]
      .rodata.name     inited   0x8000'4668     0x18  util.o [1]
      .rodata.name     inited   0x8000'4680     0x10  util.o [1]
      .rti_fn.0        inited   0x8000'4690      0x4  components.o [1]
      .rti_fn.0.end    inited   0x8000'4694      0x4  components.o [1]
      .rti_fn.1.end    inited   0x8000'4698      0x4  components.o [1]
      .rti_fn.2        inited   0x8000'469c      0x4  console_be.o [1]
      .rti_fn.2        inited   0x8000'46a0      0x4  ulog.o [1]
      .rti_fn.6        inited   0x8000'46a4      0x4  agile_button.o [1]
      .rti_fn.6        inited   0x8000'46a8      0x4  shell.o [1]
      .rti_fn.6.end    inited   0x8000'46ac      0x4  components.o [1]
      .text            inited   0x8000'46b0    0x2c4  agile_button.o [1]
      .text            inited   0x8000'4974    0x48c  board.o [1]
      .text            inited   0x8000'4e00    0x38c  chassisThread.o [1]
      .text            inited   0x8000'518c     0x7a  clock.o [1]
      .text            inited   0x8000'5208    0x6f4  clock_config.o [1]
      .text            inited   0x8000'58fc    0xa60  cmd.o [1]
      .text            inited   0x8000'635c     0xbe  components.o [1]
      .text            inited   0x8000'641c     0x40  console_be.o [1]
      .text            inited   0x8000'645c    0x140  context_iar.o [1]
      .text            inited   0x8000'659c     0xac  controller.o [1]
      .text            inited   0x8000'6648    0x35c  cpuport.o [1]
      .text            inited   0x8000'69a4    0x628  easyblink.o [1]
      .text            inited   0x8000'6fcc    0x1b0  encoder.o [1]
      .text            inited   0x8000'717c     0x1c  fsl_assert.o [1]
      .text            inited   0x8000'7198    0x7b4  fsl_clock.o [1]
      .text            inited   0x8000'794c    0x628  fsl_csi.o [1]
      .text            inited   0x8000'7f74    0x1f8  fsl_debug_console.o [1]
      .text            inited   0x8000'816c    0x44c  fsl_edma.o [1]
      .text            inited   0x8000'85b8     0xe8  fsl_enet.o [1]
[...]
rt_object_delete::__FUNCTION__
                        0x8000'2b08    0x14  Data  Lc  object.o [1]
rt_object_detach        0x8000'f9db    0x3c  Code  Gb  object.o [1]
rt_object_detach::__FUNCTION__
                        0x8000'2aa4    0x14  Data  Lc  object.o [1]
rt_object_detach_hook   0x2000'bd08     0x4  Data  Lc  object.o [1]
rt_object_get_information
                        0x8000'f923    0x2a  Code  Gb  object.o [1]
rt_object_get_type      0x8000'fb2d    0x1c  Code  Gb  object.o [1]
rt_object_get_type::__FUNCTION__
                        0x8000'2b64    0x14  Data  Lc  object.o [1]
rt_object_init          0x8000'f94d    0x8e  Code  Gb  object.o [1]
rt_object_init::__FUNCTION__
                        0x8000'2a6c    0x10  Data  Lc  object.o [1]
rt_object_is_systemobject
                        0x8000'fb0b    0x22  Code  Gb  object.o [1]
rt_object_is_systemobject::__FUNCTION__
                        0x8000'2b48    0x1c  Data  Lc  object.o [1]
rt_object_put_hook      0x2000'bd14     0x4  Data  Gb  object.o [1]
rt_object_take_hook     0x2000'bd10     0x4  Data  Gb  object.o [1]
rt_object_trytake_hook  0x2000'bd0c     0x4  Data  Gb  object.o [1]
rt_schedule             0x8000'fe15   0x130  Code  Gb  scheduler.o [1]
rt_schedule_insert_thread
                        0x8000'ff45    0x68  Code  Gb  scheduler.o [1]
rt_schedule_insert_thread::__FUNCTION__
                        0x8000'2bfc    0x1c  Data  Lc  scheduler.o [1]
rt_schedule_remove_thread
                        0x8000'ffad    0x46  Code  Gb  scheduler.o [1]
rt_schedule_remove_thread::__FUNCTION__
                        0x8000'2c18    0x1c  Data  Lc  scheduler.o [1]
rt_scheduler_hook       0x2000'be30     0x4  Data  Lc  scheduler.o [1]
rt_scheduler_lock_nest  0x2000'be1c     0x2  Data  Lc  scheduler.o [1]
rt_sem_control          0x8000'd5d9    0x66  Code  Gb  ipc.o [1]
rt_sem_control::__FUNCTION__
                        0x8000'2388    0x10  Data  Lc  ipc.o [1]
rt_sem_create           0x8000'd3a7    0x70  Code  Gb  ipc.o [1]
rt_sem_create::__FUNCTION__
                        0x8000'22fc    0x10  Data  Lc  ipc.o [1]
rt_sem_init             0x8000'd35f    0x48  Code  Gb  ipc.o [1]
rt_sem_init::__FUNCTION__
                        0x8000'2284     0xc  Data  Lc  ipc.o [1]
rt_sem_release          0x8000'd53d    0x94  Code  Gb  ipc.o [1]
rt_sem_release::__FUNCTION__
                        0x8000'2378    0x10  Data  Lc  ipc.o [1]
rt_sem_take             0x8000'd417   0x126  Code  Gb  ipc.o [1]
rt_sem_take::__FUNCTION__
                        0x8000'2334     0xc  Data  Lc  ipc.o [1]
rt_set_errno            0x8000'df75    0x28  Code  Gb  kservice.o [1]
rt_show_version         0x8000'e10b    0x30  Code  Gb  kservice.o [1]
rt_slist_append         0x8001'210f    0x14  Code  Lc  ulog.o [1]
rt_slist_first          0x8001'2123     0x4  Code  Lc  ulog.o [1]
rt_slist_init           0x8001'2109     0x6  Code  Lc  ulog.o [1]
rt_slist_next           0x8001'2127     0x4  Code  Lc  ulog.o [1]
rt_sprintf              0x8000'e68d    0x1a  Code  Gb  kservice.o [1]
rt_strlen               0x8000'e0f9    0x12  Code  Gb  kservice.o [1]
rt_strncpy              0x8000'e0c5    0x34  Code  Gb  kservice.o [1]
rt_system_heap_init     0x8000'f37d    0x14  Code  Gb  memheap.o [1]
rt_system_scheduler_init
                        0x8000'fdc7    0x2a  Code  Gb  scheduler.o [1]
rt_system_scheduler_start
                        0x8000'fdf1    0x24  Code  Gb  scheduler.o [1]
rt_system_timer_init    0x8001'20ad    0x18  Code  Gb  timer.o [1]
rt_system_timer_thread_init
                        0x8001'2105     0x2  Code  Gb  timer.o [1]
rt_thread_control       0x8001'1a33    0xa8  Code  Gb  thread.o [1]
rt_thread_control::__FUNCTION__
                        0x8000'35b8    0x14  Data  Lc  thread.o [1]
rt_thread_create        0x8001'18b3    0x60  Code  Gb  thread.o [1]
rt_thread_defunct       0x2000'be28     0x8  Data  Gb  scheduler.o [1]
rt_thread_delete        0x8001'1913    0x9c  Code  Gb  thread.o [1]
rt_thread_delete::__FUNCTION__
                        0x8000'3558    0x14  Data  Lc  thread.o [1]
rt_thread_detach        0x8001'1805    0xae  Code  Gb  thread.o [1]
rt_thread_detach::__FUNCTION__
                        0x8000'3514    0x14  Data  Lc  thread.o [1]
rt_thread_exit          0x8001'1609    0x52  Code  Gb  thread.o [1]
rt_thread_idle_entry    0x8000'baa1    0x24  Code  Lc  idle.o [1]
rt_thread_idle_excute   0x8000'ba3b    0x66  Code  Gb  idle.o [1]
rt_thread_idle_excute::__FUNCTION__
                        0x8000'2214    0x18  Data  Lc  idle.o [1]
rt_thread_idle_init     0x8000'bac5    0x58  Code  Gb  idle.o [1]
rt_thread_init          0x8001'1715    0x6e  Code  Gb  thread.o [1]
rt_thread_init::__FUNCTION__
                        0x8000'3448    0x10  Data  Lc  thread.o [1]
rt_thread_inited_hook   0x2000'bfb4     0x4  Data  Lc  thread.o [1]
rt_thread_mdelay        0x8001'1a1f    0x14  Code  Gb  thread.o [1]
rt_thread_priority_table
                        0x2000'bd18   0x100  Data  Gb  scheduler.o [1]
rt_thread_ready_priority_group
                        0x2000'be18     0x4  Data  Gb  scheduler.o [1]
rt_thread_resume        0x8001'1b6f    0x70  Code  Gb  thread.o [1]
rt_thread_resume::__FUNCTION__
                        0x8000'35fc    0x14  Data  Lc  thread.o [1]
rt_thread_resume_hook   0x2000'bfb0     0x4  Data  Lc  thread.o [1]
rt_thread_self          0x8001'1783     0x8  Code  Gb  thread.o [1]
rt_thread_sleep         0x8001'19af    0x70  Code  Gb  thread.o [1]
rt_thread_sleep::__FUNCTION__
                        0x8000'35a8    0x10  Data  Lc  thread.o [1]
rt_thread_stack         0x2000'08a4   0x100  Data  Lc  idle.o [1]
rt_thread_startup       0x8001'178b    0x7a  Code  Gb  thread.o [1]
rt_thread_startup::__FUNCTION__
                        0x8000'3484    0x14  Data  Lc  thread.o [1]
rt_thread_suspend       0x8001'1adb    0x94  Code  Gb  thread.o [1]
rt_thread_suspend::__FUNCTION__
                        0x8000'35cc    0x14  Data  Lc  thread.o [1]
rt_thread_suspend_hook  0x2000'bfac     0x4  Data  Lc  thread.o [1]
rt_thread_switch_interrupt_flag
                        0x2000'0410     0x4  Data  Gb  cpuport.o [1]
rt_thread_timeout       0x8001'1be1    0x5e  Code  Gb  thread.o [1]
rt_thread_timeout::__FUNCTION__
                        0x8000'3610    0x14  Data  Lc  thread.o [1]
rt_tick                 0x2000'03dc     0x4  Data  Lc  clock.o [1]
rt_tick_from_millisecond
                        0x8000'51d1    0x36  Code  Gb  clock.o [1]
rt_tick_get             0x8000'518d     0x6  Code  Gb  clock.o [1]
rt_tick_increase        0x8000'5193    0x36  Code  Gb  clock.o [1]
rt_timer_check          0x8001'1fff    0xae  Code  Gb  timer.o [1]
rt_timer_control        0x8001'1f7d    0x82  Code  Gb  timer.o [1]
rt_timer_control::__FUNCTION__
                        0x8000'3740    0x14  Data  Lc  timer.o [1]
rt_timer_detach         0x8001'1d7f    0x6a  Code  Gb  timer.o [1]
rt_timer_detach::__FUNCTION__
                        0x8000'3684    0x10  Data  Lc  timer.o [1]
rt_timer_enter_hook     0x2000'bfc0     0x4  Data  Lc  timer.o [1]
rt_timer_exit_hook      0x2000'bfc4     0x4  Data  Lc  timer.o [1]
rt_timer_init           0x8001'1d3b    0x44  Code  Gb  timer.o [1]
rt_timer_init::__FUNCTION__
                        0x8000'3660    0x10  Data  Lc  timer.o [1]
rt_timer_list           0x2000'bfb8     0x8  Data  Lc  timer.o [1]
rt_timer_start          0x8001'1de9   0x132  Code  Gb  timer.o [1]
rt_timer_start::__FUNCTION__
                        0x8000'36fc    0x10  Data  Lc  timer.o [1]
rt_timer_start::random_nr
                        0x2000'bfc8     0x4  Data  Lc  timer.o [1]
rt_timer_stop           0x8001'1f1b    0x62  Code  Gb  timer.o [1]
rt_timer_stop::__FUNCTION__
                        0x8000'3730    0x10  Data  Lc  timer.o [1]
rt_vsnprintf            0x8000'e2ef   0x386  Code  Gb  kservice.o [1]
rt_vsprintf             0x8000'e675    0x18  Code  Gb  kservice.o [1]
rti_board_end           0x8000'6365     0x4  Code  Lc  components.o [1]
rti_board_start         0x8000'6361     0x4  Code  Lc  components.o [1]
rti_end                 0x8000'6369     0x4  Code  Lc  components.o [1]
rti_start               0x8000'635d     0x4  Code  Lc  components.o [1]
rtthread_startup        0x8000'63f1    0x2a  Code  Gb  components.o [1]
s_EDMAHandle            0x2000'0660    0x80  Data  Lc  fsl_edma.o [1]
s_ENETHandle            0x2000'06e0     0xc  Data  Lc  fsl_enet.o [1]
s_FlexioCameraDevice    0x2000'c08c    0x1c  Data  Lc  zf_camera.o [1]
s_LpuartAdapterBase     0x8000'27f0    0x24  Data  Lc  lpuart_adapter.o [1]
s_baudratePrescaler     0x8000'1af4     0x8  Data  Lc  fsl_lpspi.o [1]
s_cdcVcom               0x2000'c0c8    0x10  Data  Gb  zf_usb_cdc.o [1]
s_csiBases              0x8000'15a0     0x4  Data  Lc  fsl_csi.o [1]
s_csiClocks             0x8001'e1da     0x2  Data  Lc  fsl_csi.o [1]
s_csiHandle             0x2000'0638     0x4  Data  Lc  fsl_csi.o [1]
s_csiIRQ                0x8001'e1dc     0x2  Data  Lc  fsl_csi.o [1]
s_csiIsr                0x2000'063c     0x4  Data  Lc  fsl_csi.o [1]
s_debugConsoleState     0x2000'0640    0x1c  Data  Lc  fsl_debug_console.o [1]
s_enetBases             0x8000'1778     0xc  Data  Lc  fsl_enet.o [1]
s_enetErrIsr            0x2000'06f4     0x4  Data  Lc  fsl_enet.o [1]
s_enetRxIsr             0x2000'06f0     0x4  Data  Lc  fsl_enet.o [1]
s_enetTsIsr             0x2000'06f8     0x4  Data  Lc  fsl_enet.o [1]
s_enetTxIsr             0x2000'06ec     0x4  Data  Lc  fsl_enet.o [1]
s_flexcanHandle         0x2000'06fc    0x10  Data  Lc  fsl_flexcan.o [1]
s_flexcanIsr            0x2000'070c     0x4  Data  Lc  fsl_flexcan.o [1]
s_flexioHandle          0x2000'0710     0x8  Data  Lc  fsl_flexio.o [1]
s_flexioIsr             0x2000'0720     0x8  Data  Lc  fsl_flexio.o [1]
s_flexioType            0x2000'0718     0x8  Data  Lc  fsl_flexio.o [1]
s_gpioBases             0x8000'1930    0x28  Data  Lc  fsl_gpio.o [1]
s_gpioClock             0x8000'1958     0xc  Data  Lc  fsl_gpio.o [1]
s_lpi2cMasterHandle     0x2000'072c    0x14  Data  Lc  fsl_lpi2c.o [1]
s_lpi2cMasterIsr        0x2000'0728     0x4  Data  Lc  fsl_lpi2c.o [1]
s_lpi2cSlaveHandle      0x2000'0744    0x14  Data  Lc  fsl_lpi2c.o [1]
s_lpi2cSlaveIsr         0x2000'0740     0x4  Data  Lc  fsl_lpi2c.o [1]
s_lpspiBases            0x8000'1afc    0x14  Data  Lc  fsl_lpspi.o [1]
s_lpspiClocks           0x8000'1b10     0xc  Data  Lc  fsl_lpspi.o [1]
s_lpspiHandle           0x2000'0758    0x14  Data  Lc  fsl_lpspi.o [1]
s_lpspiMasterIsr        0x2000'076c     0x4  Data  Lc  fsl_lpspi.o [1]
s_lpspiSlaveIsr         0x2000'0770     0x4  Data  Lc  fsl_lpspi.o [1]
s_lpuartBases           0x8000'1cb0    0x24  Data  Lc  fsl_lpuart.o [1]
s_lpuartClock           0x8000'1ce8    0x14  Data  Lc  fsl_lpuart.o [1]
s_lpuartHandle          0x2000'077c    0x24  Data  Lc  fsl_lpuart.o [1]
s_lpuartIRQ             0x8000'1cd4    0x14  Data  Lc  fsl_lpuart.o [1]
s_lpuartIsr             0x2000'07a0     0x4  Data  Lc  fsl_lpuart.o [1]
s_pitBases              0x8000'1e04     0x4  Data  Lc  fsl_pit.o [1]
s_pitClocks             0x8001'e1de     0x2  Data  Lc  fsl_pit.o [1]
s_pwmBases              0x8000'1f9c    0x14  Data  Lc  fsl_pwm.o [1]
s_pwmClocks             0x8000'1fb0    0x28  Data  Lc  fsl_pwm.o [1]
s_qtmrBases             0x8000'20e0    0x14  Data  Lc  fsl_qtmr.o [1]
s_qtmrClocks            0x8000'20f4     0xc  Data  Lc  fsl_qtmr.o [1]
s_saiHandle             0x2000'07a4    0x20  Data  Lc  fsl_sai.o [1]
s_saiRxIsr              0x2000'07c8     0x4  Data  Lc  fsl_sai.o [1]
s_saiTxIsr              0x2000'07c4     0x4  Data  Lc  fsl_sai.o [1]
s_sdInsertedFlag        0x2000'0800     0x1  Data  Lc  fsl_sdmmc_host.o [1]
s_spdifHandle           0x2000'0804     0x8  Data  Lc  fsl_spdif.o [1]
s_spdifRxIsr            0x2000'0810     0x4  Data  Lc  fsl_spdif.o [1]
s_spdifTxIsr            0x2000'080c     0x4  Data  Lc  fsl_spdif.o [1]
s_usdhcBase             0x8000'2208     0xc  Data  Lc  fsl_usdhc.o [1]
s_usdhcHandle           0x2000'0814     0xc  Data  Lc  fsl_usdhc.o [1]
s_usdhcIsr              0x2000'0820     0x4  Data  Lc  fsl_usdhc.o [1]
scalbln                 0x8001'd225          Code  Gb  ldexp.o [3]
scalblnl                0x8001'd225          Code  Gb  ldexp.o [3]
scalbn                  0x8001'd225          Code  Gb  ldexp.o [3]
scalbnl                 0x8001'd225          Code  Gb  ldexp.o [3]
scale                   0x8001'd9cf    0x46  Code  Lc  xprintffull_nomb.o [2]
sdmmc_tick_handler      0x8000'af21     0xa  Code  Gb  fsl_sdmmc_event.o [1]
sec_hand                0x2000'c0d8     0x4  Data  Lc  xfail_s.o [2]
servo1_set_angle        0x8001'0d99    0x46  Code  Gb  servo.o [1]
servo_init              0x8001'0d71    0x26  Code  Gb  servo.o [1]
set_angle_cmd           0x8000'ee75    0x20  Code  Gb  main.o [1]
set_chassis_debug_cmd   0x8000'5061    0x1c  Code  Gb  chassisThread.o [1]
set_chassis_enable_cmd  0x8000'512d    0x22  Code  Gb  chassisThread.o [1]
set_chassis_pid_param   0x8000'4ff9    0x68  Code  Gb  chassisThread.o [1]
set_chassis_pid_param_cmd
                        0x8000'50a9    0x60  Code  Gb  chassisThread.o [1]
set_config              0x8001'07d5    0x7e  Code  Gb  SEEKFREE_MT9V03X.o [1]
set_disp_pic_type_cmd   0x8000'eeb1    0x1c  Code  Gb  main.o [1]
set_dym_speed_param_cmd
                        0x8000'eed9    0x6a  Code  Gb  main.o [1]
set_exp_time_cmd        0x8000'ee95    0x1c  Code  Gb  main.o [1]
set_steer_debug_cmd     0x8000'ee59    0x1c  Code  Gb  main.o [1]
set_steer_pid_param_cmd
                        0x8000'edff    0x5a  Code  Gb  main.o [1]
set_velocity            0x8000'4f55    0xa4  Code  Gb  chassisThread.o [1]
set_velocity_cmd        0x8000'510d    0x20  Code  Gb  chassisThread.o [1]
shell                   0x2000'be90     0x4  Data  Gb  shell.o [1]
shell_auto_complete     0x8001'0e91    0x2a  Code  Lc  shell.o [1]
shell_handle_history    0x8001'0ebb    0x22  Code  Lc  shell.o [1]
shell_push_history      0x8001'0ee9    0xfe  Code  Lc  shell.o [1]
show_tft_img            0x8000'eab5   0x166  Code  Gb  main.o [1]
show_wait_queue         0x8000'5b75    0x2a  Code  Lc  cmd.o [1]
skip_atoi               0x8000'e16b    0x26  Code  Lc  kservice.o [1]
speed_drop_row          0x2000'bc94     0x4  Data  Gb  main.o [1]
speed_drop_row_l        0x2000'bc90     0x4  Data  Gb  main.o [1]
speed_max               0x2000'0360     0x4  Data  Gb  main.o [1]
speed_min               0x2000'035c     0x4  Data  Gb  main.o [1]
speed_set               0x2000'bc98     0x4  Data  Gb  main.o [1]
spi_init                0x8001'b935   0x174  Code  Gb  zf_spi.o [1]
spi_iomuxc              0x8001'b405   0x52c  Code  Gb  zf_spi.o [1]
spi_mosi                0x8001'baa9    0x86  Code  Gb  zf_spi.o [1]
steer_basic_kp          0x2000'034c     0x4  Data  Gb  main.o [1]
steer_error             0x2000'bc7c     0x4  Data  Gb  main.o [1]
steer_error_l           0x2000'bc80     0x4  Data  Gb  main.o [1]
steer_error_ll          0x2000'bc84     0x4  Data  Gb  main.o [1]
steer_kd                0x2000'bc8c     0x4  Data  Gb  main.o [1]
steer_ki                0x2000'bc88     0x4  Data  Gb  main.o [1]
steer_kp                0x2000'0354     0x4  Data  Gb  main.o [1]
steer_kp_fix            0x8000'e997    0x48  Code  Gb  main.o [1]
steer_kp_j              0x2000'0350     0x4  Data  Gb  main.o [1]
steer_kp_max            0x2000'0358     0x4  Data  Gb  main.o [1]
steer_out               0x2000'bc78     0x4  Data  Gb  main.o [1]
str2bool                0x8001'2e17    0x18  Code  Gb  util.o [1]
str_common              0x8000'f815    0x2c  Code  Lc  msh.o [1]
strcat                  0x8001'e47b    0x1e  Code  Gb  strcat.o [2]
strchr                  0x8001'e1c5          Code  Gb  strchr.o [4]
strcmp                  0x8001'c5f9          Code  Gb  strcmp.o [4]
strcpy                  0x8001'cd79          Code  Gb  strcpy.o [4]
strlen                  0x8001'c551          Code  Gb  strlen.o [4]
strncmp                 0x8001'e453    0x28  Code  Gb  strncmp.o [2]
strncpy                 0x8001'c589          Code  Gb  strncpy.o [4]
systick_delay_ms        0x8001'bb5d     0xc  Code  Gb  zf_systick.o [1]
tft_ascii               0x8000'2c34   0x5f0  Data  Gb  SEEKFREE_FONT.o [1]
uart_init               0x8001'bebf    0x6e  Code  Gb  zf_uart.o [1]
uart_iomuxc             0x8001'bb71   0x34e  Code  Gb  zf_uart.o [1]
uart_mb                 0x2000'038c     0x4  Data  Gb  board.o [1]
uart_putbuff            0x8001'bf55    0x1c  Code  Gb  zf_uart.o [1]
uart_putchar            0x8001'bf2d    0x28  Code  Gb  zf_uart.o [1]
uart_putstr             0x8001'bf71    0x22  Code  Gb  zf_uart.o [1]
uart_receive_flag       0x2000'be39     0x1  Data  Gb  SEEKFREE_MT9V03X.o [1]
uart_rx_irq             0x8001'bf93    0x36  Code  Gb  zf_uart.o [1]
uart_set_handle         0x8001'bfc9    0x3c  Code  Gb  zf_uart.o [1]
ulog                    0x2000'bfcc    0xb0  Data  Lc  ulog.o [1]
ulog_backend_register   0x8001'23a1    0x86  Code  Gb  ulog.o [1]
ulog_backend_register::__FUNCTION__
                        0x8000'3838    0x18  Data  Lc  ulog.o [1]
ulog_console_backend_init
                        0x8000'6437    0x18  Code  Gb  console_be.o [1]
ulog_console_backend_output
                        0x8000'641d    0x1a  Code  Gb  console_be.o [1]
ulog_formater::__FUNCTION__
                        0x8000'37d8    0x10  Data  Lc  ulog.o [1]
ulog_formater::fmt_result
                        0x2000'c084     0x4  Data  Lc  ulog.o [1]
ulog_formater::log_len  0x2000'c07c     0x4  Data  Lc  ulog.o [1]
ulog_formater::newline_len
                        0x2000'c080     0x4  Data  Lc  ulog.o [1]
ulog_formater{6}::tick_len
                        0x2000'c088     0x4  Data  Lc  ulog.o [1]
ulog_init               0x8001'2427    0x28  Code  Gb  ulog.o [1]
ulog_output             0x8001'236d    0x24  Code  Gb  ulog.o [1]
ulog_output_to_all_backend
                        0x8001'2201    0x9a  Code  Gb  ulog.o [1]
ulog_strcpy             0x8001'212b    0x4a  Code  Gb  ulog.o [1]
ulog_strcpy::__FUNCTION__
                        0x8000'3778     0xc  Data  Lc  ulog.o [1]
ulog_ultoa              0x8001'2175    0x44  Code  Gb  ulog.o [1]
ulog_voutput            0x8001'22db    0x92  Code  Gb  ulog.o [1]
ulog_voutput::__FUNCTION__
                        0x8000'3818    0x10  Data  Lc  ulog.o [1]
upload_compbinimage     0x8001'2fef    0x7a  Code  Gb  util.o [1]
upload_grayimage        0x8001'30a5    0x38  Code  Gb  util.o [1]
upload_uncompbinimage   0x8001'3069    0x3c  Code  Gb  util.o [1]
upload_zf_bin           0x8001'30e9    0x50  Code  Gb  util.o [1]
upload_zf_gray          0x8001'3141    0x4c  Code  Gb  util.o [1]
usage_fault_track       0x8000'668b    0x62  Code  Lc  cpuport.o [1]
use_time                0x2000'bc5c     0x4  Data  Gb  main.o [1]
version                 0x8000'593d     0xa  Code  Gb  cmd.o [1]
vsnprintf               0x8001'ccd5    0x3c  Code  Gb  vsnprint.o [2]
wheel_create            0x8001'31a9    0x42  Code  Gb  wheel.o [1]
wheel_diff_p            0x2000'0348     0x4  Data  Gb  chassisThread.o [1]
wheel_kd                0x2000'03d8     0x4  Data  Gb  chassisThread.o [1]
wheel_ki                0x2000'0344     0x4  Data  Gb  chassisThread.o [1]
wheel_kp                0x2000'0340     0x4  Data  Gb  chassisThread.o [1]
wheel_set_speed         0x8001'31eb    0x34  Code  Gb  wheel.o [1]
wheel_set_speed::__FUNCTION__
                        0x8000'38cc    0x10  Data  Lc  wheel.o [1]
wheel_update            0x8001'321f    0x3c  Code  Gb  wheel.o [1]
wheel_update::__FUNCTION__
                        0x8000'38ec    0x10  Data  Lc  wheel.o [1]


[1] = C:\Users\lithiumice\Documents\workspace\car7\Project\IAR\program\nor_sdram_zf_dtcm\Obj
[2] = dl7M_tln.a
[3] = m7M_tlv.a
[4] = rt7M_tl.a
[5] = shb_l.a

    1 308 bytes of readonly  code memory
  106 094 bytes of readwrite code memory
   78 212 bytes of readonly  data memory
  110 558 bytes of readwrite data memory

Errors: none
Warnings: none
